[0.677s] Invoking command in '/home/tom/turtlebot3_ws/build/turtlebot3_example': CMAKE_PREFIX_PATH=/home/tom/turtlebot3_ws/install/turtlebot3_msgs:/home/tom/turtlebot3_ws/install/turtlebot3:/home/tom/turtlebot3_ws/install/turtlebot3_bringup:/home/tom/turtlebot3_ws/install/turtlebot3_node:/home/tom/turtlebot3_ws/install/turtlebot3_navigation2:/home/tom/turtlebot3_ws/install/turtlebot3_description:/home/tom/turtlebot3_ws/install/turtlebot3_cartographer:/home/tom/turtlebot3_ws/install/dynamixel_sdk_examples:/home/tom/turtlebot3_ws/install/dynamixel_sdk_custom_interfaces:/home/tom/turtlebot3_ws/install/dynamixel_sdk LD_LIBRARY_PATH=/home/tom/turtlebot3_ws/install/turtlebot3_msgs/lib:/home/tom/turtlebot3_ws/install/dynamixel_sdk_custom_interfaces/lib:/home/tom/turtlebot3_ws/install/dynamixel_sdk/lib:/usr/lib/x86_64-linux-gnu/gazebo-11/plugins:/opt/ros/humble/opt/rviz_ogre_vendor/lib:/opt/ros/humble/lib/x86_64-linux-gnu:/opt/ros/humble/lib:/usr/lib/x86_64-linux-gnu/gazebo-11/plugins PYTHONPATH=/home/tom/turtlebot3_ws/build/turtlebot3_example/prefix_override:/usr/lib/python3/dist-packages/colcon_core/task/python/colcon_distutils_commands:/home/tom/turtlebot3_ws/install/turtlebot3_example/lib/python3.10/site-packages:${PYTHONPATH} /usr/bin/python3 -W ignore:setup.py install is deprecated -W ignore:easy_install command is deprecated setup.py develop --editable --build-directory /home/tom/turtlebot3_ws/build/turtlebot3_example/build --no-deps symlink_data
[0.898s] running develop
[1.035s] running egg_info
[1.035s] writing turtlebot3_example.egg-info/PKG-INFO
[1.036s] writing dependency_links to turtlebot3_example.egg-info/dependency_links.txt
[1.036s] writing entry points to turtlebot3_example.egg-info/entry_points.txt
[1.036s] writing requirements to turtlebot3_example.egg-info/requires.txt
[1.036s] writing top-level names to turtlebot3_example.egg-info/top_level.txt
[1.038s] reading manifest file 'turtlebot3_example.egg-info/SOURCES.txt'
[1.039s] writing manifest file 'turtlebot3_example.egg-info/SOURCES.txt'
[1.040s] running build_ext
[1.040s] Creating /home/tom/turtlebot3_ws/install/turtlebot3_example/lib/python3.10/site-packages/turtlebot3-example.egg-link (link to .)
[1.041s] Installing turtlebot3_absolute_move script to /home/tom/turtlebot3_ws/install/turtlebot3_example/lib/turtlebot3_example
[1.041s] Installing turtlebot3_interactive_marker script to /home/tom/turtlebot3_ws/install/turtlebot3_example/lib/turtlebot3_example
[1.041s] Installing turtlebot3_obstacle_detection script to /home/tom/turtlebot3_ws/install/turtlebot3_example/lib/turtlebot3_example
[1.042s] Installing turtlebot3_patrol_client script to /home/tom/turtlebot3_ws/install/turtlebot3_example/lib/turtlebot3_example
[1.042s] Installing turtlebot3_patrol_server script to /home/tom/turtlebot3_ws/install/turtlebot3_example/lib/turtlebot3_example
[1.042s] Installing turtlebot3_relative_move script to /home/tom/turtlebot3_ws/install/turtlebot3_example/lib/turtlebot3_example
[1.042s] 
[1.042s] Installed /home/tom/turtlebot3_ws/build/turtlebot3_example
[1.042s] running symlink_data
[1.079s] Invoked command in '/home/tom/turtlebot3_ws/build/turtlebot3_example' returned '0': CMAKE_PREFIX_PATH=/home/tom/turtlebot3_ws/install/turtlebot3_msgs:/home/tom/turtlebot3_ws/install/turtlebot3:/home/tom/turtlebot3_ws/install/turtlebot3_bringup:/home/tom/turtlebot3_ws/install/turtlebot3_node:/home/tom/turtlebot3_ws/install/turtlebot3_navigation2:/home/tom/turtlebot3_ws/install/turtlebot3_description:/home/tom/turtlebot3_ws/install/turtlebot3_cartographer:/home/tom/turtlebot3_ws/install/dynamixel_sdk_examples:/home/tom/turtlebot3_ws/install/dynamixel_sdk_custom_interfaces:/home/tom/turtlebot3_ws/install/dynamixel_sdk LD_LIBRARY_PATH=/home/tom/turtlebot3_ws/install/turtlebot3_msgs/lib:/home/tom/turtlebot3_ws/install/dynamixel_sdk_custom_interfaces/lib:/home/tom/turtlebot3_ws/install/dynamixel_sdk/lib:/usr/lib/x86_64-linux-gnu/gazebo-11/plugins:/opt/ros/humble/opt/rviz_ogre_vendor/lib:/opt/ros/humble/lib/x86_64-linux-gnu:/opt/ros/humble/lib:/usr/lib/x86_64-linux-gnu/gazebo-11/plugins PYTHONPATH=/home/tom/turtlebot3_ws/build/turtlebot3_example/prefix_override:/usr/lib/python3/dist-packages/colcon_core/task/python/colcon_distutils_commands:/home/tom/turtlebot3_ws/install/turtlebot3_example/lib/python3.10/site-packages:${PYTHONPATH} /usr/bin/python3 -W ignore:setup.py install is deprecated -W ignore:easy_install command is deprecated setup.py develop --editable --build-directory /home/tom/turtlebot3_ws/build/turtlebot3_example/build --no-deps symlink_data
