[0.011s] Invoking command in '/home/tom/turtlebot3_ws/build/turtlebot3_bringup': AMENT_PREFIX_PATH=/home/tom/turtlebot3_ws/install/turtlebot3_node:/home/tom/turtlebot3_ws/install/turtlebot3_msgs:/home/tom/turtlebot3_ws/install/turtlebot3_description:/home/tom/turtlebot3_ws/install/dynamixel_sdk:${AMENT_PREFIX_PATH} CMAKE_PREFIX_PATH=/home/tom/turtlebot3_ws/install/turtlebot3_node:/home/tom/turtlebot3_ws/install/turtlebot3_msgs:/home/tom/turtlebot3_ws/install/turtlebot3_description:/home/tom/turtlebot3_ws/install/dynamixel_sdk:/opt/ros/humble LD_LIBRARY_PATH=/home/tom/turtlebot3_ws/install/turtlebot3_msgs/lib:/home/tom/turtlebot3_ws/install/dynamixel_sdk/lib:${LD_LIBRARY_PATH} PYTHONPATH=/home/tom/turtlebot3_ws/install/turtlebot3_msgs/local/lib/python3.10/dist-packages:/home/tom/turtlebot3_ws/install/dynamixel_sdk/local/lib/python3.10/dist-packages:${PYTHONPATH} /usr/bin/cmake /home/tom/turtlebot3_ws/src/turtlebot3/turtlebot3_bringup -DAMENT_CMAKE_SYMLINK_INSTALL=1 -DCMAKE_INSTALL_PREFIX=/home/tom/turtlebot3_ws/install/turtlebot3_bringup
[0.058s] -- The C compiler identification is GNU 11.4.0
[0.106s] -- The CXX compiler identification is GNU 11.4.0
[0.112s] -- Detecting C compiler ABI info
[0.177s] -- Detecting C compiler ABI info - done
[0.182s] -- Check for working C compiler: /usr/bin/cc - skipped
[0.182s] -- Detecting C compile features
[0.182s] -- Detecting C compile features - done
[0.185s] -- Detecting CXX compiler ABI info
[0.257s] -- Detecting CXX compiler ABI info - done
[0.263s] -- Check for working CXX compiler: /usr/bin/c++ - skipped
[0.263s] -- Detecting CXX compile features
[0.263s] -- Detecting CXX compile features - done
[0.266s] -- Found ament_cmake: 1.3.12 (/opt/ros/humble/share/ament_cmake/cmake)
[0.386s] -- Found Python3: /usr/bin/python3 (found version "3.10.12") found components: Interpreter 
[0.434s] -- Override CMake install command with custom implementation using symlinks instead of copying resources
[0.516s] -- Configuring done
[0.518s] -- Generating done
[0.519s] -- Build files have been written to: /home/tom/turtlebot3_ws/build/turtlebot3_bringup
[0.524s] Invoked command in '/home/tom/turtlebot3_ws/build/turtlebot3_bringup' returned '0': AMENT_PREFIX_PATH=/home/tom/turtlebot3_ws/install/turtlebot3_node:/home/tom/turtlebot3_ws/install/turtlebot3_msgs:/home/tom/turtlebot3_ws/install/turtlebot3_description:/home/tom/turtlebot3_ws/install/dynamixel_sdk:${AMENT_PREFIX_PATH} CMAKE_PREFIX_PATH=/home/tom/turtlebot3_ws/install/turtlebot3_node:/home/tom/turtlebot3_ws/install/turtlebot3_msgs:/home/tom/turtlebot3_ws/install/turtlebot3_description:/home/tom/turtlebot3_ws/install/dynamixel_sdk:/opt/ros/humble LD_LIBRARY_PATH=/home/tom/turtlebot3_ws/install/turtlebot3_msgs/lib:/home/tom/turtlebot3_ws/install/dynamixel_sdk/lib:${LD_LIBRARY_PATH} PYTHONPATH=/home/tom/turtlebot3_ws/install/turtlebot3_msgs/local/lib/python3.10/dist-packages:/home/tom/turtlebot3_ws/install/dynamixel_sdk/local/lib/python3.10/dist-packages:${PYTHONPATH} /usr/bin/cmake /home/tom/turtlebot3_ws/src/turtlebot3/turtlebot3_bringup -DAMENT_CMAKE_SYMLINK_INSTALL=1 -DCMAKE_INSTALL_PREFIX=/home/tom/turtlebot3_ws/install/turtlebot3_bringup
[0.525s] Invoking command in '/home/tom/turtlebot3_ws/build/turtlebot3_bringup': AMENT_PREFIX_PATH=/home/tom/turtlebot3_ws/install/turtlebot3_node:/home/tom/turtlebot3_ws/install/turtlebot3_msgs:/home/tom/turtlebot3_ws/install/turtlebot3_description:/home/tom/turtlebot3_ws/install/dynamixel_sdk:${AMENT_PREFIX_PATH} CMAKE_PREFIX_PATH=/home/tom/turtlebot3_ws/install/turtlebot3_node:/home/tom/turtlebot3_ws/install/turtlebot3_msgs:/home/tom/turtlebot3_ws/install/turtlebot3_description:/home/tom/turtlebot3_ws/install/dynamixel_sdk:/opt/ros/humble LD_LIBRARY_PATH=/home/tom/turtlebot3_ws/install/turtlebot3_msgs/lib:/home/tom/turtlebot3_ws/install/dynamixel_sdk/lib:${LD_LIBRARY_PATH} PYTHONPATH=/home/tom/turtlebot3_ws/install/turtlebot3_msgs/local/lib/python3.10/dist-packages:/home/tom/turtlebot3_ws/install/dynamixel_sdk/local/lib/python3.10/dist-packages:${PYTHONPATH} /usr/bin/cmake --build /home/tom/turtlebot3_ws/build/turtlebot3_bringup -- -j12 -l12
[0.561s] Invoked command in '/home/tom/turtlebot3_ws/build/turtlebot3_bringup' returned '0': AMENT_PREFIX_PATH=/home/tom/turtlebot3_ws/install/turtlebot3_node:/home/tom/turtlebot3_ws/install/turtlebot3_msgs:/home/tom/turtlebot3_ws/install/turtlebot3_description:/home/tom/turtlebot3_ws/install/dynamixel_sdk:${AMENT_PREFIX_PATH} CMAKE_PREFIX_PATH=/home/tom/turtlebot3_ws/install/turtlebot3_node:/home/tom/turtlebot3_ws/install/turtlebot3_msgs:/home/tom/turtlebot3_ws/install/turtlebot3_description:/home/tom/turtlebot3_ws/install/dynamixel_sdk:/opt/ros/humble LD_LIBRARY_PATH=/home/tom/turtlebot3_ws/install/turtlebot3_msgs/lib:/home/tom/turtlebot3_ws/install/dynamixel_sdk/lib:${LD_LIBRARY_PATH} PYTHONPATH=/home/tom/turtlebot3_ws/install/turtlebot3_msgs/local/lib/python3.10/dist-packages:/home/tom/turtlebot3_ws/install/dynamixel_sdk/local/lib/python3.10/dist-packages:${PYTHONPATH} /usr/bin/cmake --build /home/tom/turtlebot3_ws/build/turtlebot3_bringup -- -j12 -l12
[0.562s] Invoking command in '/home/tom/turtlebot3_ws/build/turtlebot3_bringup': AMENT_PREFIX_PATH=/home/tom/turtlebot3_ws/install/turtlebot3_node:/home/tom/turtlebot3_ws/install/turtlebot3_msgs:/home/tom/turtlebot3_ws/install/turtlebot3_description:/home/tom/turtlebot3_ws/install/dynamixel_sdk:${AMENT_PREFIX_PATH} CMAKE_PREFIX_PATH=/home/tom/turtlebot3_ws/install/turtlebot3_node:/home/tom/turtlebot3_ws/install/turtlebot3_msgs:/home/tom/turtlebot3_ws/install/turtlebot3_description:/home/tom/turtlebot3_ws/install/dynamixel_sdk:/opt/ros/humble LD_LIBRARY_PATH=/home/tom/turtlebot3_ws/install/turtlebot3_msgs/lib:/home/tom/turtlebot3_ws/install/dynamixel_sdk/lib:${LD_LIBRARY_PATH} PYTHONPATH=/home/tom/turtlebot3_ws/install/turtlebot3_msgs/local/lib/python3.10/dist-packages:/home/tom/turtlebot3_ws/install/dynamixel_sdk/local/lib/python3.10/dist-packages:${PYTHONPATH} /usr/bin/cmake --install /home/tom/turtlebot3_ws/build/turtlebot3_bringup
[0.570s] -- Install configuration: ""
[0.570s] -- Execute custom install script
[0.570s] -- Symlinking: /home/tom/turtlebot3_ws/install/turtlebot3_bringup/share/turtlebot3_bringup/launch/camera.launch.py
[0.579s] -- Symlinking: /home/tom/turtlebot3_ws/install/turtlebot3_bringup/share/turtlebot3_bringup/launch/robot.launch.py
[0.587s] -- Symlinking: /home/tom/turtlebot3_ws/install/turtlebot3_bringup/share/turtlebot3_bringup/launch/rviz2.launch.py
[0.597s] -- Symlinking: /home/tom/turtlebot3_ws/install/turtlebot3_bringup/share/turtlebot3_bringup/launch/turtlebot3_state_publisher.launch.py
[0.605s] -- Symlinking: /home/tom/turtlebot3_ws/install/turtlebot3_bringup/share/turtlebot3_bringup/param/burger.yaml
[0.613s] -- Symlinking: /home/tom/turtlebot3_ws/install/turtlebot3_bringup/share/turtlebot3_bringup/param/humble/burger.yaml
[0.621s] -- Symlinking: /home/tom/turtlebot3_ws/install/turtlebot3_bringup/share/turtlebot3_bringup/param/humble/waffle.yaml
[0.629s] -- Symlinking: /home/tom/turtlebot3_ws/install/turtlebot3_bringup/share/turtlebot3_bringup/param/humble/waffle_pi.yaml
[0.637s] -- Symlinking: /home/tom/turtlebot3_ws/install/turtlebot3_bringup/share/turtlebot3_bringup/param/waffle.yaml
[0.646s] -- Symlinking: /home/tom/turtlebot3_ws/install/turtlebot3_bringup/share/turtlebot3_bringup/param/waffle_pi.yaml
[0.654s] -- Symlinking: /home/tom/turtlebot3_ws/install/turtlebot3_bringup/share/turtlebot3_bringup/script/99-turtlebot3-cdc.rules
[0.662s] -- Symlinking: /home/tom/turtlebot3_ws/install/turtlebot3_bringup/share/turtlebot3_bringup/script/create_udev_rules
[0.671s] -- Symlinking: /home/tom/turtlebot3_ws/install/turtlebot3_bringup/share/ament_index/resource_index/package_run_dependencies/turtlebot3_bringup
[0.679s] -- Symlinking: /home/tom/turtlebot3_ws/install/turtlebot3_bringup/share/ament_index/resource_index/parent_prefix_path/turtlebot3_bringup
[0.687s] -- Symlinking: /home/tom/turtlebot3_ws/install/turtlebot3_bringup/share/turtlebot3_bringup/environment/ament_prefix_path.sh
[0.695s] -- Symlinking: /home/tom/turtlebot3_ws/install/turtlebot3_bringup/share/turtlebot3_bringup/environment/ament_prefix_path.dsv
[0.703s] -- Symlinking: /home/tom/turtlebot3_ws/install/turtlebot3_bringup/share/turtlebot3_bringup/environment/path.sh
[0.711s] -- Symlinking: /home/tom/turtlebot3_ws/install/turtlebot3_bringup/share/turtlebot3_bringup/environment/path.dsv
[0.719s] -- Symlinking: /home/tom/turtlebot3_ws/install/turtlebot3_bringup/share/turtlebot3_bringup/local_setup.bash
[0.728s] -- Symlinking: /home/tom/turtlebot3_ws/install/turtlebot3_bringup/share/turtlebot3_bringup/local_setup.sh
[0.736s] -- Symlinking: /home/tom/turtlebot3_ws/install/turtlebot3_bringup/share/turtlebot3_bringup/local_setup.zsh
[0.743s] -- Symlinking: /home/tom/turtlebot3_ws/install/turtlebot3_bringup/share/turtlebot3_bringup/local_setup.dsv
[0.751s] -- Symlinking: /home/tom/turtlebot3_ws/install/turtlebot3_bringup/share/turtlebot3_bringup/package.dsv
[0.758s] -- Symlinking: /home/tom/turtlebot3_ws/install/turtlebot3_bringup/share/ament_index/resource_index/packages/turtlebot3_bringup
[0.767s] -- Symlinking: /home/tom/turtlebot3_ws/install/turtlebot3_bringup/share/turtlebot3_bringup/cmake/turtlebot3_bringupConfig.cmake
[0.774s] -- Symlinking: /home/tom/turtlebot3_ws/install/turtlebot3_bringup/share/turtlebot3_bringup/cmake/turtlebot3_bringupConfig-version.cmake
[0.782s] -- Symlinking: /home/tom/turtlebot3_ws/install/turtlebot3_bringup/share/turtlebot3_bringup/package.xml
[0.794s] Invoked command in '/home/tom/turtlebot3_ws/build/turtlebot3_bringup' returned '0': AMENT_PREFIX_PATH=/home/tom/turtlebot3_ws/install/turtlebot3_node:/home/tom/turtlebot3_ws/install/turtlebot3_msgs:/home/tom/turtlebot3_ws/install/turtlebot3_description:/home/tom/turtlebot3_ws/install/dynamixel_sdk:${AMENT_PREFIX_PATH} CMAKE_PREFIX_PATH=/home/tom/turtlebot3_ws/install/turtlebot3_node:/home/tom/turtlebot3_ws/install/turtlebot3_msgs:/home/tom/turtlebot3_ws/install/turtlebot3_description:/home/tom/turtlebot3_ws/install/dynamixel_sdk:/opt/ros/humble LD_LIBRARY_PATH=/home/tom/turtlebot3_ws/install/turtlebot3_msgs/lib:/home/tom/turtlebot3_ws/install/dynamixel_sdk/lib:${LD_LIBRARY_PATH} PYTHONPATH=/home/tom/turtlebot3_ws/install/turtlebot3_msgs/local/lib/python3.10/dist-packages:/home/tom/turtlebot3_ws/install/dynamixel_sdk/local/lib/python3.10/dist-packages:${PYTHONPATH} /usr/bin/cmake --install /home/tom/turtlebot3_ws/build/turtlebot3_bringup
