[0.251s] Invoking command in '/home/tom/turtlebot3_ws/build/turtlebot3_fake_node': CMAKE_PREFIX_PATH=/home/tom/turtlebot3_ws/install/turtlebot3_msgs:/home/tom/turtlebot3_ws/install/turtlebot3:/home/tom/turtlebot3_ws/install/turtlebot3_bringup:/home/tom/turtlebot3_ws/install/turtlebot3_node:/home/tom/turtlebot3_ws/install/turtlebot3_navigation2:/home/tom/turtlebot3_ws/install/turtlebot3_description:/home/tom/turtlebot3_ws/install/turtlebot3_cartographer:/home/tom/turtlebot3_ws/install/dynamixel_sdk_examples:/home/tom/turtlebot3_ws/install/dynamixel_sdk_custom_interfaces:/home/tom/turtlebot3_ws/install/dynamixel_sdk:/home/tom/turtlebot3_ws/install/turtlebot3_teleop:/home/tom/turtlebot3_ws/install/turtlebot3_example:/opt/ros/humble LD_LIBRARY_PATH=/home/tom/turtlebot3_ws/install/turtlebot3_msgs/lib:/home/tom/turtlebot3_ws/install/dynamixel_sdk_custom_interfaces/lib:/home/tom/turtlebot3_ws/install/dynamixel_sdk/lib:/usr/lib/x86_64-linux-gnu/gazebo-11/plugins:/opt/ros/humble/opt/rviz_ogre_vendor/lib:/opt/ros/humble/lib/x86_64-linux-gnu:/opt/ros/humble/lib:/usr/lib/x86_64-linux-gnu/gazebo-11/plugins /usr/bin/cmake /home/tom/turtlebot3_ws/src/turtlebot3_simulations/turtlebot3_fake_node -DAMENT_CMAKE_SYMLINK_INSTALL=1 -DCMAKE_INSTALL_PREFIX=/home/tom/turtlebot3_ws/install/turtlebot3_fake_node
[0.310s] -- The C compiler identification is GNU 11.4.0
[0.370s] -- The CXX compiler identification is GNU 11.4.0
[0.378s] -- Detecting C compiler ABI info
[0.453s] -- Detecting C compiler ABI info - done
[0.459s] -- Check for working C compiler: /usr/bin/cc - skipped
[0.459s] -- Detecting C compile features
[0.461s] -- Detecting C compile features - done
[0.463s] -- Detecting CXX compiler ABI info
[0.552s] -- Detecting CXX compiler ABI info - done
[0.560s] -- Check for working CXX compiler: /usr/bin/c++ - skipped
[0.561s] -- Detecting CXX compile features
[0.561s] -- Detecting CXX compile features - done
[0.565s] -- Found ament_cmake: 1.3.12 (/opt/ros/humble/share/ament_cmake/cmake)
[0.711s] -- Found Python3: /usr/bin/python3 (found version "3.10.12") found components: Interpreter 
[0.766s] -- Override CMake install command with custom implementation using symlinks instead of copying resources
[0.804s] -- Found geometry_msgs: 4.9.0 (/opt/ros/humble/share/geometry_msgs/cmake)
[0.848s] -- Found rosidl_generator_c: 3.1.8 (/opt/ros/humble/share/rosidl_generator_c/cmake)
[0.853s] -- Found rosidl_adapter: 3.1.8 (/opt/ros/humble/share/rosidl_adapter/cmake)
[0.863s] -- Found rosidl_generator_cpp: 3.1.8 (/opt/ros/humble/share/rosidl_generator_cpp/cmake)
[0.875s] -- Using all available rosidl_typesupport_c: rosidl_typesupport_fastrtps_c;rosidl_typesupport_introspection_c
[0.892s] -- Using all available rosidl_typesupport_cpp: rosidl_typesupport_fastrtps_cpp;rosidl_typesupport_introspection_cpp
[0.926s] -- Found nav_msgs: 4.9.0 (/opt/ros/humble/share/nav_msgs/cmake)
[0.940s] -- Found rclcpp: 16.0.17 (/opt/ros/humble/share/rclcpp/cmake)
[0.980s] -- Found rmw_implementation_cmake: 6.1.2 (/opt/ros/humble/share/rmw_implementation_cmake/cmake)
[0.984s] -- Found rmw_fastrtps_cpp: 6.2.9 (/opt/ros/humble/share/rmw_fastrtps_cpp/cmake)
[1.072s] -- Found OpenSSL: /usr/lib/x86_64-linux-gnu/libcrypto.so (found version "3.0.2")  
[1.099s] -- Found FastRTPS: /opt/ros/humble/include  
[1.144s] -- Using RMW implementation 'rmw_fastrtps_cpp' as default
[1.156s] -- Looking for pthread.h
[1.220s] -- Looking for pthread.h - found
[1.220s] -- Performing Test CMAKE_HAVE_LIBC_PTHREAD
[1.285s] -- Performing Test CMAKE_HAVE_LIBC_PTHREAD - Success
[1.286s] -- Found Threads: TRUE  
[1.320s] -- Found sensor_msgs: 4.9.0 (/opt/ros/humble/share/sensor_msgs/cmake)
[1.334s] -- Found tf2: 0.25.18 (/opt/ros/humble/share/tf2/cmake)
[1.346s] -- Found tf2_msgs: 0.25.18 (/opt/ros/humble/share/tf2_msgs/cmake)
[1.379s] -- Found turtlebot3_msgs: 2.4.0 (/home/tom/turtlebot3_ws/install/turtlebot3_msgs/share/turtlebot3_msgs/cmake)
[1.450s] -- Configuring done
[1.460s] -- Generating done
[1.463s] -- Build files have been written to: /home/tom/turtlebot3_ws/build/turtlebot3_fake_node
[1.472s] Invoked command in '/home/tom/turtlebot3_ws/build/turtlebot3_fake_node' returned '0': CMAKE_PREFIX_PATH=/home/tom/turtlebot3_ws/install/turtlebot3_msgs:/home/tom/turtlebot3_ws/install/turtlebot3:/home/tom/turtlebot3_ws/install/turtlebot3_bringup:/home/tom/turtlebot3_ws/install/turtlebot3_node:/home/tom/turtlebot3_ws/install/turtlebot3_navigation2:/home/tom/turtlebot3_ws/install/turtlebot3_description:/home/tom/turtlebot3_ws/install/turtlebot3_cartographer:/home/tom/turtlebot3_ws/install/dynamixel_sdk_examples:/home/tom/turtlebot3_ws/install/dynamixel_sdk_custom_interfaces:/home/tom/turtlebot3_ws/install/dynamixel_sdk:/home/tom/turtlebot3_ws/install/turtlebot3_teleop:/home/tom/turtlebot3_ws/install/turtlebot3_example:/opt/ros/humble LD_LIBRARY_PATH=/home/tom/turtlebot3_ws/install/turtlebot3_msgs/lib:/home/tom/turtlebot3_ws/install/dynamixel_sdk_custom_interfaces/lib:/home/tom/turtlebot3_ws/install/dynamixel_sdk/lib:/usr/lib/x86_64-linux-gnu/gazebo-11/plugins:/opt/ros/humble/opt/rviz_ogre_vendor/lib:/opt/ros/humble/lib/x86_64-linux-gnu:/opt/ros/humble/lib:/usr/lib/x86_64-linux-gnu/gazebo-11/plugins /usr/bin/cmake /home/tom/turtlebot3_ws/src/turtlebot3_simulations/turtlebot3_fake_node -DAMENT_CMAKE_SYMLINK_INSTALL=1 -DCMAKE_INSTALL_PREFIX=/home/tom/turtlebot3_ws/install/turtlebot3_fake_node
[1.474s] Invoking command in '/home/tom/turtlebot3_ws/build/turtlebot3_fake_node': CMAKE_PREFIX_PATH=/home/tom/turtlebot3_ws/install/turtlebot3_msgs:/home/tom/turtlebot3_ws/install/turtlebot3:/home/tom/turtlebot3_ws/install/turtlebot3_bringup:/home/tom/turtlebot3_ws/install/turtlebot3_node:/home/tom/turtlebot3_ws/install/turtlebot3_navigation2:/home/tom/turtlebot3_ws/install/turtlebot3_description:/home/tom/turtlebot3_ws/install/turtlebot3_cartographer:/home/tom/turtlebot3_ws/install/dynamixel_sdk_examples:/home/tom/turtlebot3_ws/install/dynamixel_sdk_custom_interfaces:/home/tom/turtlebot3_ws/install/dynamixel_sdk:/home/tom/turtlebot3_ws/install/turtlebot3_teleop:/home/tom/turtlebot3_ws/install/turtlebot3_example:/opt/ros/humble LD_LIBRARY_PATH=/home/tom/turtlebot3_ws/install/turtlebot3_msgs/lib:/home/tom/turtlebot3_ws/install/dynamixel_sdk_custom_interfaces/lib:/home/tom/turtlebot3_ws/install/dynamixel_sdk/lib:/usr/lib/x86_64-linux-gnu/gazebo-11/plugins:/opt/ros/humble/opt/rviz_ogre_vendor/lib:/opt/ros/humble/lib/x86_64-linux-gnu:/opt/ros/humble/lib:/usr/lib/x86_64-linux-gnu/gazebo-11/plugins /usr/bin/cmake --build /home/tom/turtlebot3_ws/build/turtlebot3_fake_node -- -j12 -l12
[1.521s] [ 50%] [32mBuilding CXX object CMakeFiles/turtlebot3_fake_node.dir/src/turtlebot3_fake_node.cpp.o[0m
[10.726s] [100%] [32m[1mLinking CXX executable turtlebot3_fake_node[0m
[11.437s] [100%] Built target turtlebot3_fake_node
[11.452s] Invoked command in '/home/tom/turtlebot3_ws/build/turtlebot3_fake_node' returned '0': CMAKE_PREFIX_PATH=/home/tom/turtlebot3_ws/install/turtlebot3_msgs:/home/tom/turtlebot3_ws/install/turtlebot3:/home/tom/turtlebot3_ws/install/turtlebot3_bringup:/home/tom/turtlebot3_ws/install/turtlebot3_node:/home/tom/turtlebot3_ws/install/turtlebot3_navigation2:/home/tom/turtlebot3_ws/install/turtlebot3_description:/home/tom/turtlebot3_ws/install/turtlebot3_cartographer:/home/tom/turtlebot3_ws/install/dynamixel_sdk_examples:/home/tom/turtlebot3_ws/install/dynamixel_sdk_custom_interfaces:/home/tom/turtlebot3_ws/install/dynamixel_sdk:/home/tom/turtlebot3_ws/install/turtlebot3_teleop:/home/tom/turtlebot3_ws/install/turtlebot3_example:/opt/ros/humble LD_LIBRARY_PATH=/home/tom/turtlebot3_ws/install/turtlebot3_msgs/lib:/home/tom/turtlebot3_ws/install/dynamixel_sdk_custom_interfaces/lib:/home/tom/turtlebot3_ws/install/dynamixel_sdk/lib:/usr/lib/x86_64-linux-gnu/gazebo-11/plugins:/opt/ros/humble/opt/rviz_ogre_vendor/lib:/opt/ros/humble/lib/x86_64-linux-gnu:/opt/ros/humble/lib:/usr/lib/x86_64-linux-gnu/gazebo-11/plugins /usr/bin/cmake --build /home/tom/turtlebot3_ws/build/turtlebot3_fake_node -- -j12 -l12
[11.454s] Invoking command in '/home/tom/turtlebot3_ws/build/turtlebot3_fake_node': CMAKE_PREFIX_PATH=/home/tom/turtlebot3_ws/install/turtlebot3_msgs:/home/tom/turtlebot3_ws/install/turtlebot3:/home/tom/turtlebot3_ws/install/turtlebot3_bringup:/home/tom/turtlebot3_ws/install/turtlebot3_node:/home/tom/turtlebot3_ws/install/turtlebot3_navigation2:/home/tom/turtlebot3_ws/install/turtlebot3_description:/home/tom/turtlebot3_ws/install/turtlebot3_cartographer:/home/tom/turtlebot3_ws/install/dynamixel_sdk_examples:/home/tom/turtlebot3_ws/install/dynamixel_sdk_custom_interfaces:/home/tom/turtlebot3_ws/install/dynamixel_sdk:/home/tom/turtlebot3_ws/install/turtlebot3_teleop:/home/tom/turtlebot3_ws/install/turtlebot3_example:/opt/ros/humble LD_LIBRARY_PATH=/home/tom/turtlebot3_ws/install/turtlebot3_msgs/lib:/home/tom/turtlebot3_ws/install/dynamixel_sdk_custom_interfaces/lib:/home/tom/turtlebot3_ws/install/dynamixel_sdk/lib:/usr/lib/x86_64-linux-gnu/gazebo-11/plugins:/opt/ros/humble/opt/rviz_ogre_vendor/lib:/opt/ros/humble/lib/x86_64-linux-gnu:/opt/ros/humble/lib:/usr/lib/x86_64-linux-gnu/gazebo-11/plugins /usr/bin/cmake --install /home/tom/turtlebot3_ws/build/turtlebot3_fake_node
[11.465s] -- Install configuration: ""
[11.466s] -- Execute custom install script
[11.466s] -- Symlinking: /home/tom/turtlebot3_ws/install/turtlebot3_fake_node/lib/turtlebot3_fake_node/turtlebot3_fake_node
[11.479s] -- Symlinking: /home/tom/turtlebot3_ws/install/turtlebot3_fake_node/share/turtlebot3_fake_node/launch/rviz2.launch.py
[11.491s] -- Symlinking: /home/tom/turtlebot3_ws/install/turtlebot3_fake_node/share/turtlebot3_fake_node/launch/turtlebot3_fake_node.launch.py
[11.504s] -- Symlinking: /home/tom/turtlebot3_ws/install/turtlebot3_fake_node/share/turtlebot3_fake_node/param/burger.yaml
[11.516s] -- Symlinking: /home/tom/turtlebot3_ws/install/turtlebot3_fake_node/share/turtlebot3_fake_node/param/waffle.yaml
[11.528s] -- Symlinking: /home/tom/turtlebot3_ws/install/turtlebot3_fake_node/share/turtlebot3_fake_node/param/waffle_pi.yaml
[11.541s] -- Symlinking: /home/tom/turtlebot3_ws/install/turtlebot3_fake_node/include//turtlebot3_fake_node/turtlebot3_fake_node.hpp
[11.551s] -- Symlinking: /home/tom/turtlebot3_ws/install/turtlebot3_fake_node/share/ament_index/resource_index/package_run_dependencies/turtlebot3_fake_node
[11.563s] -- Symlinking: /home/tom/turtlebot3_ws/install/turtlebot3_fake_node/share/ament_index/resource_index/parent_prefix_path/turtlebot3_fake_node
[11.573s] -- Symlinking: /home/tom/turtlebot3_ws/install/turtlebot3_fake_node/share/turtlebot3_fake_node/environment/ament_prefix_path.sh
[11.584s] -- Symlinking: /home/tom/turtlebot3_ws/install/turtlebot3_fake_node/share/turtlebot3_fake_node/environment/ament_prefix_path.dsv
[11.594s] -- Symlinking: /home/tom/turtlebot3_ws/install/turtlebot3_fake_node/share/turtlebot3_fake_node/environment/path.sh
[11.604s] -- Symlinking: /home/tom/turtlebot3_ws/install/turtlebot3_fake_node/share/turtlebot3_fake_node/environment/path.dsv
[11.614s] -- Symlinking: /home/tom/turtlebot3_ws/install/turtlebot3_fake_node/share/turtlebot3_fake_node/local_setup.bash
[11.624s] -- Symlinking: /home/tom/turtlebot3_ws/install/turtlebot3_fake_node/share/turtlebot3_fake_node/local_setup.sh
[11.634s] -- Symlinking: /home/tom/turtlebot3_ws/install/turtlebot3_fake_node/share/turtlebot3_fake_node/local_setup.zsh
[11.646s] -- Symlinking: /home/tom/turtlebot3_ws/install/turtlebot3_fake_node/share/turtlebot3_fake_node/local_setup.dsv
[11.659s] -- Symlinking: /home/tom/turtlebot3_ws/install/turtlebot3_fake_node/share/turtlebot3_fake_node/package.dsv
[11.672s] -- Symlinking: /home/tom/turtlebot3_ws/install/turtlebot3_fake_node/share/ament_index/resource_index/packages/turtlebot3_fake_node
[11.684s] -- Symlinking: /home/tom/turtlebot3_ws/install/turtlebot3_fake_node/share/turtlebot3_fake_node/cmake/ament_cmake_export_include_directories-extras.cmake
[11.696s] -- Symlinking: /home/tom/turtlebot3_ws/install/turtlebot3_fake_node/share/turtlebot3_fake_node/cmake/ament_cmake_export_dependencies-extras.cmake
[11.708s] -- Symlinking: /home/tom/turtlebot3_ws/install/turtlebot3_fake_node/share/turtlebot3_fake_node/cmake/turtlebot3_fake_nodeConfig.cmake
[11.721s] -- Symlinking: /home/tom/turtlebot3_ws/install/turtlebot3_fake_node/share/turtlebot3_fake_node/cmake/turtlebot3_fake_nodeConfig-version.cmake
[11.734s] -- Symlinking: /home/tom/turtlebot3_ws/install/turtlebot3_fake_node/share/turtlebot3_fake_node/package.xml
[11.750s] Invoked command in '/home/tom/turtlebot3_ws/build/turtlebot3_fake_node' returned '0': CMAKE_PREFIX_PATH=/home/tom/turtlebot3_ws/install/turtlebot3_msgs:/home/tom/turtlebot3_ws/install/turtlebot3:/home/tom/turtlebot3_ws/install/turtlebot3_bringup:/home/tom/turtlebot3_ws/install/turtlebot3_node:/home/tom/turtlebot3_ws/install/turtlebot3_navigation2:/home/tom/turtlebot3_ws/install/turtlebot3_description:/home/tom/turtlebot3_ws/install/turtlebot3_cartographer:/home/tom/turtlebot3_ws/install/dynamixel_sdk_examples:/home/tom/turtlebot3_ws/install/dynamixel_sdk_custom_interfaces:/home/tom/turtlebot3_ws/install/dynamixel_sdk:/home/tom/turtlebot3_ws/install/turtlebot3_teleop:/home/tom/turtlebot3_ws/install/turtlebot3_example:/opt/ros/humble LD_LIBRARY_PATH=/home/tom/turtlebot3_ws/install/turtlebot3_msgs/lib:/home/tom/turtlebot3_ws/install/dynamixel_sdk_custom_interfaces/lib:/home/tom/turtlebot3_ws/install/dynamixel_sdk/lib:/usr/lib/x86_64-linux-gnu/gazebo-11/plugins:/opt/ros/humble/opt/rviz_ogre_vendor/lib:/opt/ros/humble/lib/x86_64-linux-gnu:/opt/ros/humble/lib:/usr/lib/x86_64-linux-gnu/gazebo-11/plugins /usr/bin/cmake --install /home/tom/turtlebot3_ws/build/turtlebot3_fake_node
