[0.025s] Invoking command in '/home/tom/turtlebot3_ws/build/turtlebot3_description': CMAKE_PREFIX_PATH=/opt/ros/humble /usr/bin/cmake /home/tom/turtlebot3_ws/src/turtlebot3/turtlebot3_description -DAMENT_CMAKE_SYMLINK_INSTALL=1 -DCMAKE_INSTALL_PREFIX=/home/tom/turtlebot3_ws/install/turtlebot3_description
[0.135s] -- The C compiler identification is GNU 11.4.0
[0.232s] -- The CXX compiler identification is GNU 11.4.0
[0.238s] -- Detecting C compiler ABI info
[0.319s] -- Detecting C compiler ABI info - done
[0.325s] -- Check for working C compiler: /usr/bin/cc - skipped
[0.325s] -- Detecting C compile features
[0.326s] -- Detecting C compile features - done
[0.329s] -- Detecting CXX compiler ABI info
[0.425s] -- Detecting CXX compiler ABI info - done
[0.431s] -- Check for working CXX compiler: /usr/bin/c++ - skipped
[0.431s] -- Detecting CXX compile features
[0.431s] -- Detecting CXX compile features - done
[0.438s] -- Found ament_cmake: 1.3.12 (/opt/ros/humble/share/ament_cmake/cmake)
[0.601s] -- Found Python3: /usr/bin/python3 (found version "3.10.12") found components: Interpreter 
[0.689s] -- Override CMake install command with custom implementation using symlinks instead of copying resources
[0.721s] -- Found urdf: 2.6.1 (/opt/ros/humble/share/urdf/cmake)
[0.855s] -- Configuring done
[0.857s] -- Generating done
[0.858s] -- Build files have been written to: /home/tom/turtlebot3_ws/build/turtlebot3_description
[0.874s] Invoked command in '/home/tom/turtlebot3_ws/build/turtlebot3_description' returned '0': CMAKE_PREFIX_PATH=/opt/ros/humble /usr/bin/cmake /home/tom/turtlebot3_ws/src/turtlebot3/turtlebot3_description -DAMENT_CMAKE_SYMLINK_INSTALL=1 -DCMAKE_INSTALL_PREFIX=/home/tom/turtlebot3_ws/install/turtlebot3_description
[0.875s] Invoking command in '/home/tom/turtlebot3_ws/build/turtlebot3_description': CMAKE_PREFIX_PATH=/opt/ros/humble /usr/bin/cmake --build /home/tom/turtlebot3_ws/build/turtlebot3_description -- -j12 -l12
[0.927s] Invoked command in '/home/tom/turtlebot3_ws/build/turtlebot3_description' returned '0': CMAKE_PREFIX_PATH=/opt/ros/humble /usr/bin/cmake --build /home/tom/turtlebot3_ws/build/turtlebot3_description -- -j12 -l12
[0.929s] Invoking command in '/home/tom/turtlebot3_ws/build/turtlebot3_description': CMAKE_PREFIX_PATH=/opt/ros/humble /usr/bin/cmake --install /home/tom/turtlebot3_ws/build/turtlebot3_description
[0.937s] -- Install configuration: ""
[0.938s] -- Execute custom install script
[0.938s] -- Symlinking: /home/tom/turtlebot3_ws/install/turtlebot3_description/share/turtlebot3_description/meshes/bases/burger_base.stl
[0.949s] -- Symlinking: /home/tom/turtlebot3_ws/install/turtlebot3_description/share/turtlebot3_description/meshes/bases/waffle_base.stl
[0.960s] -- Symlinking: /home/tom/turtlebot3_ws/install/turtlebot3_description/share/turtlebot3_description/meshes/bases/waffle_pi_base.stl
[0.971s] -- Symlinking: /home/tom/turtlebot3_ws/install/turtlebot3_description/share/turtlebot3_description/meshes/sensors/astra.dae
[0.982s] -- Symlinking: /home/tom/turtlebot3_ws/install/turtlebot3_description/share/turtlebot3_description/meshes/sensors/astra.jpg
[0.991s] -- Symlinking: /home/tom/turtlebot3_ws/install/turtlebot3_description/share/turtlebot3_description/meshes/sensors/lds.stl
[1.004s] -- Symlinking: /home/tom/turtlebot3_ws/install/turtlebot3_description/share/turtlebot3_description/meshes/sensors/r200.dae
[1.015s] -- Symlinking: /home/tom/turtlebot3_ws/install/turtlebot3_description/share/turtlebot3_description/meshes/sensors/r200.jpg
[1.036s] -- Symlinking: /home/tom/turtlebot3_ws/install/turtlebot3_description/share/turtlebot3_description/meshes/wheels/left_tire.stl
[1.052s] -- Symlinking: /home/tom/turtlebot3_ws/install/turtlebot3_description/share/turtlebot3_description/meshes/wheels/right_tire.stl
[1.071s] -- Symlinking: /home/tom/turtlebot3_ws/install/turtlebot3_description/share/turtlebot3_description/rviz/model.rviz
[1.096s] -- Symlinking: /home/tom/turtlebot3_ws/install/turtlebot3_description/share/turtlebot3_description/urdf/common_properties.urdf
[1.117s] -- Symlinking: /home/tom/turtlebot3_ws/install/turtlebot3_description/share/turtlebot3_description/urdf/turtlebot3_burger.urdf
[1.161s] -- Symlinking: /home/tom/turtlebot3_ws/install/turtlebot3_description/share/turtlebot3_description/urdf/turtlebot3_waffle.urdf
[1.198s] -- Symlinking: /home/tom/turtlebot3_ws/install/turtlebot3_description/share/turtlebot3_description/urdf/turtlebot3_waffle_pi.urdf
[1.238s] -- Symlinking: /home/tom/turtlebot3_ws/install/turtlebot3_description/share/ament_index/resource_index/package_run_dependencies/turtlebot3_description
[1.270s] -- Symlinking: /home/tom/turtlebot3_ws/install/turtlebot3_description/share/ament_index/resource_index/parent_prefix_path/turtlebot3_description
[1.310s] -- Symlinking: /home/tom/turtlebot3_ws/install/turtlebot3_description/share/turtlebot3_description/environment/ament_prefix_path.sh
[1.361s] -- Symlinking: /home/tom/turtlebot3_ws/install/turtlebot3_description/share/turtlebot3_description/environment/ament_prefix_path.dsv
[1.387s] -- Symlinking: /home/tom/turtlebot3_ws/install/turtlebot3_description/share/turtlebot3_description/environment/path.sh
[1.422s] -- Symlinking: /home/tom/turtlebot3_ws/install/turtlebot3_description/share/turtlebot3_description/environment/path.dsv
[1.473s] -- Symlinking: /home/tom/turtlebot3_ws/install/turtlebot3_description/share/turtlebot3_description/local_setup.bash
[1.492s] -- Symlinking: /home/tom/turtlebot3_ws/install/turtlebot3_description/share/turtlebot3_description/local_setup.sh
[1.525s] -- Symlinking: /home/tom/turtlebot3_ws/install/turtlebot3_description/share/turtlebot3_description/local_setup.zsh
[1.556s] -- Symlinking: /home/tom/turtlebot3_ws/install/turtlebot3_description/share/turtlebot3_description/local_setup.dsv
[1.586s] -- Symlinking: /home/tom/turtlebot3_ws/install/turtlebot3_description/share/turtlebot3_description/package.dsv
[1.618s] -- Symlinking: /home/tom/turtlebot3_ws/install/turtlebot3_description/share/ament_index/resource_index/packages/turtlebot3_description
[1.643s] -- Symlinking: /home/tom/turtlebot3_ws/install/turtlebot3_description/share/turtlebot3_description/cmake/turtlebot3_descriptionConfig.cmake
[1.673s] -- Symlinking: /home/tom/turtlebot3_ws/install/turtlebot3_description/share/turtlebot3_description/cmake/turtlebot3_descriptionConfig-version.cmake
[1.705s] -- Symlinking: /home/tom/turtlebot3_ws/install/turtlebot3_description/share/turtlebot3_description/package.xml
[1.742s] Invoked command in '/home/tom/turtlebot3_ws/build/turtlebot3_description' returned '0': CMAKE_PREFIX_PATH=/opt/ros/humble /usr/bin/cmake --install /home/tom/turtlebot3_ws/build/turtlebot3_description
