[0.016s] Invoking command in '/home/tom/turtlebot3_ws/build/turtlebot3_node': CMAKE_PREFIX_PATH=/home/tom/turtlebot3_ws/install/turtlebot3_msgs:/home/tom/turtlebot3_ws/install/dynamixel_sdk:/home/tom/turtlebot3_ws/install/turtlebot3:/home/tom/turtlebot3_ws/install/turtlebot3_bringup:/home/tom/turtlebot3_ws/install/turtlebot3_node:/home/tom/turtlebot3_ws/install/turtlebot3_navigation2:/home/tom/turtlebot3_ws/install/turtlebot3_description:/home/tom/turtlebot3_ws/install/turtlebot3_cartographer:/home/tom/turtlebot3_ws/install/dynamixel_sdk_examples:/home/tom/turtlebot3_ws/install/dynamixel_sdk_custom_interfaces:/home/tom/turtlebot3_ws/install/turtlebot3_teleop:/home/tom/turtlebot3_ws/install/turtlebot3_example:/opt/ros/humble LD_LIBRARY_PATH=/home/tom/turtlebot3_ws/install/turtlebot3_msgs/lib:/home/tom/turtlebot3_ws/install/dynamixel_sdk/lib:/home/tom/turtlebot3_ws/install/dynamixel_sdk_custom_interfaces/lib:/usr/lib/x86_64-linux-gnu/gazebo-11/plugins:/opt/ros/humble/opt/rviz_ogre_vendor/lib:/opt/ros/humble/lib/x86_64-linux-gnu:/opt/ros/humble/lib:/usr/lib/x86_64-linux-gnu/gazebo-11/plugins /usr/bin/cmake --build /home/tom/turtlebot3_ws/build/turtlebot3_node -- -j12 -l12
[0.073s] [35m[1mConsolidate compiler generated dependencies of target turtlebot3_node_lib[0m
[0.107s] [ 85%] Built target turtlebot3_node_lib
[0.121s] [35m[1mConsolidate compiler generated dependencies of target turtlebot3_ros[0m
[0.141s] [100%] Built target turtlebot3_ros
[0.156s] Invoked command in '/home/tom/turtlebot3_ws/build/turtlebot3_node' returned '0': CMAKE_PREFIX_PATH=/home/tom/turtlebot3_ws/install/turtlebot3_msgs:/home/tom/turtlebot3_ws/install/dynamixel_sdk:/home/tom/turtlebot3_ws/install/turtlebot3:/home/tom/turtlebot3_ws/install/turtlebot3_bringup:/home/tom/turtlebot3_ws/install/turtlebot3_node:/home/tom/turtlebot3_ws/install/turtlebot3_navigation2:/home/tom/turtlebot3_ws/install/turtlebot3_description:/home/tom/turtlebot3_ws/install/turtlebot3_cartographer:/home/tom/turtlebot3_ws/install/dynamixel_sdk_examples:/home/tom/turtlebot3_ws/install/dynamixel_sdk_custom_interfaces:/home/tom/turtlebot3_ws/install/turtlebot3_teleop:/home/tom/turtlebot3_ws/install/turtlebot3_example:/opt/ros/humble LD_LIBRARY_PATH=/home/tom/turtlebot3_ws/install/turtlebot3_msgs/lib:/home/tom/turtlebot3_ws/install/dynamixel_sdk/lib:/home/tom/turtlebot3_ws/install/dynamixel_sdk_custom_interfaces/lib:/usr/lib/x86_64-linux-gnu/gazebo-11/plugins:/opt/ros/humble/opt/rviz_ogre_vendor/lib:/opt/ros/humble/lib/x86_64-linux-gnu:/opt/ros/humble/lib:/usr/lib/x86_64-linux-gnu/gazebo-11/plugins /usr/bin/cmake --build /home/tom/turtlebot3_ws/build/turtlebot3_node -- -j12 -l12
[0.158s] Invoking command in '/home/tom/turtlebot3_ws/build/turtlebot3_node': CMAKE_PREFIX_PATH=/home/tom/turtlebot3_ws/install/turtlebot3_msgs:/home/tom/turtlebot3_ws/install/dynamixel_sdk:/home/tom/turtlebot3_ws/install/turtlebot3:/home/tom/turtlebot3_ws/install/turtlebot3_bringup:/home/tom/turtlebot3_ws/install/turtlebot3_node:/home/tom/turtlebot3_ws/install/turtlebot3_navigation2:/home/tom/turtlebot3_ws/install/turtlebot3_description:/home/tom/turtlebot3_ws/install/turtlebot3_cartographer:/home/tom/turtlebot3_ws/install/dynamixel_sdk_examples:/home/tom/turtlebot3_ws/install/dynamixel_sdk_custom_interfaces:/home/tom/turtlebot3_ws/install/turtlebot3_teleop:/home/tom/turtlebot3_ws/install/turtlebot3_example:/opt/ros/humble LD_LIBRARY_PATH=/home/tom/turtlebot3_ws/install/turtlebot3_msgs/lib:/home/tom/turtlebot3_ws/install/dynamixel_sdk/lib:/home/tom/turtlebot3_ws/install/dynamixel_sdk_custom_interfaces/lib:/usr/lib/x86_64-linux-gnu/gazebo-11/plugins:/opt/ros/humble/opt/rviz_ogre_vendor/lib:/opt/ros/humble/lib/x86_64-linux-gnu:/opt/ros/humble/lib:/usr/lib/x86_64-linux-gnu/gazebo-11/plugins /usr/bin/cmake --install /home/tom/turtlebot3_ws/build/turtlebot3_node
[0.165s] -- Install configuration: ""
[0.166s] -- Execute custom install script
[0.166s] -- Up-to-date symlink: /home/tom/turtlebot3_ws/install/turtlebot3_node/share/turtlebot3_node/param/burger.yaml
[0.166s] -- Up-to-date symlink: /home/tom/turtlebot3_ws/install/turtlebot3_node/share/turtlebot3_node/param/waffle.yaml
[0.166s] -- Up-to-date symlink: /home/tom/turtlebot3_ws/install/turtlebot3_node/share/turtlebot3_node/param/waffle_pi.yaml
[0.167s] -- Up-to-date symlink: /home/tom/turtlebot3_ws/install/turtlebot3_node/lib/turtlebot3_node/turtlebot3_ros
[0.167s] -- Up-to-date symlink: /home/tom/turtlebot3_ws/install/turtlebot3_node/share/ament_index/resource_index/package_run_dependencies/turtlebot3_node
[0.167s] -- Up-to-date symlink: /home/tom/turtlebot3_ws/install/turtlebot3_node/share/ament_index/resource_index/parent_prefix_path/turtlebot3_node
[0.167s] -- Up-to-date symlink: /home/tom/turtlebot3_ws/install/turtlebot3_node/share/turtlebot3_node/environment/ament_prefix_path.sh
[0.167s] -- Up-to-date symlink: /home/tom/turtlebot3_ws/install/turtlebot3_node/share/turtlebot3_node/environment/ament_prefix_path.dsv
[0.167s] -- Up-to-date symlink: /home/tom/turtlebot3_ws/install/turtlebot3_node/share/turtlebot3_node/environment/path.sh
[0.168s] -- Up-to-date symlink: /home/tom/turtlebot3_ws/install/turtlebot3_node/share/turtlebot3_node/environment/path.dsv
[0.168s] -- Up-to-date symlink: /home/tom/turtlebot3_ws/install/turtlebot3_node/share/turtlebot3_node/local_setup.bash
[0.168s] -- Up-to-date symlink: /home/tom/turtlebot3_ws/install/turtlebot3_node/share/turtlebot3_node/local_setup.sh
[0.168s] -- Up-to-date symlink: /home/tom/turtlebot3_ws/install/turtlebot3_node/share/turtlebot3_node/local_setup.zsh
[0.168s] -- Up-to-date symlink: /home/tom/turtlebot3_ws/install/turtlebot3_node/share/turtlebot3_node/local_setup.dsv
[0.168s] -- Symlinking: /home/tom/turtlebot3_ws/install/turtlebot3_node/share/turtlebot3_node/package.dsv
[0.182s] -- Up-to-date symlink: /home/tom/turtlebot3_ws/install/turtlebot3_node/share/ament_index/resource_index/packages/turtlebot3_node
[0.182s] -- Up-to-date symlink: /home/tom/turtlebot3_ws/install/turtlebot3_node/share/turtlebot3_node/cmake/ament_cmake_export_dependencies-extras.cmake
[0.182s] -- Up-to-date symlink: /home/tom/turtlebot3_ws/install/turtlebot3_node/share/turtlebot3_node/cmake/ament_cmake_export_include_directories-extras.cmake
[0.182s] -- Up-to-date symlink: /home/tom/turtlebot3_ws/install/turtlebot3_node/share/turtlebot3_node/cmake/turtlebot3_nodeConfig.cmake
[0.183s] -- Up-to-date symlink: /home/tom/turtlebot3_ws/install/turtlebot3_node/share/turtlebot3_node/cmake/turtlebot3_nodeConfig-version.cmake
[0.183s] -- Up-to-date symlink: /home/tom/turtlebot3_ws/install/turtlebot3_node/share/turtlebot3_node/package.xml
[0.187s] Invoked command in '/home/tom/turtlebot3_ws/build/turtlebot3_node' returned '0': CMAKE_PREFIX_PATH=/home/tom/turtlebot3_ws/install/turtlebot3_msgs:/home/tom/turtlebot3_ws/install/dynamixel_sdk:/home/tom/turtlebot3_ws/install/turtlebot3:/home/tom/turtlebot3_ws/install/turtlebot3_bringup:/home/tom/turtlebot3_ws/install/turtlebot3_node:/home/tom/turtlebot3_ws/install/turtlebot3_navigation2:/home/tom/turtlebot3_ws/install/turtlebot3_description:/home/tom/turtlebot3_ws/install/turtlebot3_cartographer:/home/tom/turtlebot3_ws/install/dynamixel_sdk_examples:/home/tom/turtlebot3_ws/install/dynamixel_sdk_custom_interfaces:/home/tom/turtlebot3_ws/install/turtlebot3_teleop:/home/tom/turtlebot3_ws/install/turtlebot3_example:/opt/ros/humble LD_LIBRARY_PATH=/home/tom/turtlebot3_ws/install/turtlebot3_msgs/lib:/home/tom/turtlebot3_ws/install/dynamixel_sdk/lib:/home/tom/turtlebot3_ws/install/dynamixel_sdk_custom_interfaces/lib:/usr/lib/x86_64-linux-gnu/gazebo-11/plugins:/opt/ros/humble/opt/rviz_ogre_vendor/lib:/opt/ros/humble/lib/x86_64-linux-gnu:/opt/ros/humble/lib:/usr/lib/x86_64-linux-gnu/gazebo-11/plugins /usr/bin/cmake --install /home/tom/turtlebot3_ws/build/turtlebot3_node
