[0.589s] Invoking command in '/home/tom/turtlebot3_ws/build/turtlebot3_example': CMAKE_PREFIX_PATH=/home/tom/turtlebot3_ws/install/turtlebot3_msgs:/home/tom/turtlebot3_ws/install/turtlebot3:/home/tom/turtlebot3_ws/install/turtlebot3_bringup:/home/tom/turtlebot3_ws/install/turtlebot3_node:/home/tom/turtlebot3_ws/install/turtlebot3_navigation2:/home/tom/turtlebot3_ws/install/turtlebot3_description:/home/tom/turtlebot3_ws/install/turtlebot3_cartographer:/home/tom/turtlebot3_ws/install/dynamixel_sdk_examples:/home/tom/turtlebot3_ws/install/dynamixel_sdk_custom_interfaces:/home/tom/turtlebot3_ws/install/dynamixel_sdk LD_LIBRARY_PATH=/home/tom/turtlebot3_ws/install/turtlebot3_msgs/lib:/home/tom/turtlebot3_ws/install/dynamixel_sdk_custom_interfaces/lib:/home/tom/turtlebot3_ws/install/dynamixel_sdk/lib:/usr/lib/x86_64-linux-gnu/gazebo-11/plugins:/opt/ros/humble/opt/rviz_ogre_vendor/lib:/opt/ros/humble/lib/x86_64-linux-gnu:/opt/ros/humble/lib:/usr/lib/x86_64-linux-gnu/gazebo-11/plugins PYTHONPATH=/home/tom/turtlebot3_ws/build/turtlebot3_example/prefix_override:/usr/lib/python3/dist-packages/colcon_core/task/python/colcon_distutils_commands:/home/tom/turtlebot3_ws/install/turtlebot3_example/lib/python3.10/site-packages:${PYTHONPATH} /usr/bin/python3 -W ignore:setup.py install is deprecated -W ignore:easy_install command is deprecated setup.py develop --editable --build-directory /home/tom/turtlebot3_ws/build/turtlebot3_example/build --no-deps symlink_data
[0.793s] running develop
[0.924s] running egg_info
[0.924s] writing turtlebot3_example.egg-info/PKG-INFO
[0.924s] writing dependency_links to turtlebot3_example.egg-info/dependency_links.txt
[0.924s] writing entry points to turtlebot3_example.egg-info/entry_points.txt
[0.924s] writing requirements to turtlebot3_example.egg-info/requires.txt
[0.924s] writing top-level names to turtlebot3_example.egg-info/top_level.txt
[0.926s] reading manifest file 'turtlebot3_example.egg-info/SOURCES.txt'
[0.927s] writing manifest file 'turtlebot3_example.egg-info/SOURCES.txt'
[0.928s] running build_ext
[0.928s] Creating /home/tom/turtlebot3_ws/install/turtlebot3_example/lib/python3.10/site-packages/turtlebot3-example.egg-link (link to .)
[0.929s] Installing turtlebot3_absolute_move script to /home/tom/turtlebot3_ws/install/turtlebot3_example/lib/turtlebot3_example
[0.929s] Installing turtlebot3_interactive_marker script to /home/tom/turtlebot3_ws/install/turtlebot3_example/lib/turtlebot3_example
[0.929s] Installing turtlebot3_obstacle_detection script to /home/tom/turtlebot3_ws/install/turtlebot3_example/lib/turtlebot3_example
[0.929s] Installing turtlebot3_patrol_client script to /home/tom/turtlebot3_ws/install/turtlebot3_example/lib/turtlebot3_example
[0.929s] Installing turtlebot3_patrol_server script to /home/tom/turtlebot3_ws/install/turtlebot3_example/lib/turtlebot3_example
[0.930s] Installing turtlebot3_relative_move script to /home/tom/turtlebot3_ws/install/turtlebot3_example/lib/turtlebot3_example
[0.930s] 
[0.930s] Installed /home/tom/turtlebot3_ws/build/turtlebot3_example
[0.930s] running symlink_data
[0.956s] Invoked command in '/home/tom/turtlebot3_ws/build/turtlebot3_example' returned '0': CMAKE_PREFIX_PATH=/home/tom/turtlebot3_ws/install/turtlebot3_msgs:/home/tom/turtlebot3_ws/install/turtlebot3:/home/tom/turtlebot3_ws/install/turtlebot3_bringup:/home/tom/turtlebot3_ws/install/turtlebot3_node:/home/tom/turtlebot3_ws/install/turtlebot3_navigation2:/home/tom/turtlebot3_ws/install/turtlebot3_description:/home/tom/turtlebot3_ws/install/turtlebot3_cartographer:/home/tom/turtlebot3_ws/install/dynamixel_sdk_examples:/home/tom/turtlebot3_ws/install/dynamixel_sdk_custom_interfaces:/home/tom/turtlebot3_ws/install/dynamixel_sdk LD_LIBRARY_PATH=/home/tom/turtlebot3_ws/install/turtlebot3_msgs/lib:/home/tom/turtlebot3_ws/install/dynamixel_sdk_custom_interfaces/lib:/home/tom/turtlebot3_ws/install/dynamixel_sdk/lib:/usr/lib/x86_64-linux-gnu/gazebo-11/plugins:/opt/ros/humble/opt/rviz_ogre_vendor/lib:/opt/ros/humble/lib/x86_64-linux-gnu:/opt/ros/humble/lib:/usr/lib/x86_64-linux-gnu/gazebo-11/plugins PYTHONPATH=/home/tom/turtlebot3_ws/build/turtlebot3_example/prefix_override:/usr/lib/python3/dist-packages/colcon_core/task/python/colcon_distutils_commands:/home/tom/turtlebot3_ws/install/turtlebot3_example/lib/python3.10/site-packages:${PYTHONPATH} /usr/bin/python3 -W ignore:setup.py install is deprecated -W ignore:easy_install command is deprecated setup.py develop --editable --build-directory /home/tom/turtlebot3_ws/build/turtlebot3_example/build --no-deps symlink_data
