[0.029s] Invoking command in '/home/tom/turtlebot3_ws/build/dynamixel_sdk': CMAKE_PREFIX_PATH=/opt/ros/humble /usr/bin/cmake /home/tom/turtlebot3_ws/src/DynamixelSDK/ros/dynamixel_sdk -DAMENT_CMAKE_SYMLINK_INSTALL=1 -DCMAKE_INSTALL_PREFIX=/home/tom/turtlebot3_ws/install/dynamixel_sdk
[0.146s] -- The C compiler identification is GNU 11.4.0
[0.239s] -- The CXX compiler identification is GNU 11.4.0
[0.249s] -- Detecting C compiler ABI info
[0.335s] -- Detecting C compiler ABI info - done
[0.341s] -- Check for working C compiler: /usr/bin/cc - skipped
[0.342s] -- Detecting C compile features
[0.342s] -- Detecting C compile features - done
[0.346s] -- Detecting CXX compiler ABI info
[0.438s] -- Detecting CXX compiler ABI info - done
[0.444s] -- Check for working CXX compiler: /usr/bin/c++ - skipped
[0.445s] -- Detecting CXX compile features
[0.445s] -- Detecting CXX compile features - done
[0.449s] -- Found ament_cmake: 1.3.12 (/opt/ros/humble/share/ament_cmake/cmake)
[0.619s] -- Found Python3: /usr/bin/python3 (found version "3.10.12") found components: Interpreter 
[0.685s] -- Override CMake install command with custom implementation using symlinks instead of copying resources
[0.958s] -- Configuring done
[0.967s] -- Generating done
[0.970s] -- Build files have been written to: /home/tom/turtlebot3_ws/build/dynamixel_sdk
[0.978s] Invoked command in '/home/tom/turtlebot3_ws/build/dynamixel_sdk' returned '0': CMAKE_PREFIX_PATH=/opt/ros/humble /usr/bin/cmake /home/tom/turtlebot3_ws/src/DynamixelSDK/ros/dynamixel_sdk -DAMENT_CMAKE_SYMLINK_INSTALL=1 -DCMAKE_INSTALL_PREFIX=/home/tom/turtlebot3_ws/install/dynamixel_sdk
[0.980s] Invoking command in '/home/tom/turtlebot3_ws/build/dynamixel_sdk': CMAKE_PREFIX_PATH=/opt/ros/humble /usr/bin/cmake --build /home/tom/turtlebot3_ws/build/dynamixel_sdk -- -j12 -l12
[1.046s] [  5%] [32mBuilding CXX object CMakeFiles/dynamixel_sdk.dir/src/dynamixel_sdk/protocol1_packet_handler.cpp.o[0m
[1.046s] [ 11%] [32mBuilding CXX object CMakeFiles/dynamixel_sdk.dir/src/dynamixel_sdk/protocol2_packet_handler.cpp.o[0m
[1.046s] [ 16%] [32mBuilding CXX object CMakeFiles/dynamixel_sdk.dir/src/dynamixel_sdk/packet_handler.cpp.o[0m
[1.046s] [ 22%] [32mBuilding CXX object CMakeFiles/dynamixel_sdk.dir/src/dynamixel_sdk/group_sync_read.cpp.o[0m
[1.047s] [ 27%] [32mBuilding CXX object CMakeFiles/dynamixel_sdk.dir/src/dynamixel_sdk/group_bulk_read.cpp.o[0m
[1.054s] [ 33%] [32mBuilding CXX object CMakeFiles/dynamixel_sdk.dir/src/dynamixel_sdk/group_bulk_write.cpp.o[0m
[1.054s] [ 38%] [32mBuilding CXX object CMakeFiles/dynamixel_sdk.dir/src/dynamixel_sdk/group_fast_bulk_read.cpp.o[0m
[1.063s] [ 38%] Built target ament_cmake_python_symlink_dynamixel_sdk
[1.063s] [ 44%] [32mBuilding CXX object CMakeFiles/dynamixel_sdk.dir/src/dynamixel_sdk/group_sync_write.cpp.o[0m
[1.067s] [ 50%] [32mBuilding CXX object CMakeFiles/dynamixel_sdk.dir/src/dynamixel_sdk/group_fast_sync_read.cpp.o[0m
[1.068s] [ 50%] Built target ament_cmake_python_symlink_dynamixel_easy_sdk
[1.068s] [ 55%] [32mBuilding CXX object CMakeFiles/dynamixel_sdk.dir/src/dynamixel_sdk/group_handler.cpp.o[0m
[1.088s] [ 61%] [32mBuilding CXX object CMakeFiles/dynamixel_sdk.dir/src/dynamixel_sdk/port_handler.cpp.o[0m
[1.089s] [ 66%] [32mBuilding CXX object CMakeFiles/dynamixel_sdk.dir/src/dynamixel_easy_sdk/connector.cpp.o[0m
[1.162s] [ 72%] [32mBuilding CXX object CMakeFiles/dynamixel_sdk.dir/src/dynamixel_easy_sdk/control_table.cpp.o[0m
[1.258s] [ 77%] [32mBuilding CXX object CMakeFiles/dynamixel_sdk.dir/src/dynamixel_easy_sdk/dynamixel_error.cpp.o[0m
[1.394s] [ 83%] [32mBuilding CXX object CMakeFiles/dynamixel_sdk.dir/src/dynamixel_easy_sdk/group_executor.cpp.o[0m
[1.444s] [ 88%] [32mBuilding CXX object CMakeFiles/dynamixel_sdk.dir/src/dynamixel_easy_sdk/motor.cpp.o[0m
[1.771s] [ 94%] [32mBuilding CXX object CMakeFiles/dynamixel_sdk.dir/src/dynamixel_sdk/port_handler_linux.cpp.o[0m
[1.817s] running egg_info
[1.819s] creating dynamixel_sdk.egg-info
[1.819s] writing dynamixel_sdk.egg-info/PKG-INFO
[1.820s] writing dependency_links to dynamixel_sdk.egg-info/dependency_links.txt
[1.820s] writing top-level names to dynamixel_sdk.egg-info/top_level.txt
[1.824s] writing manifest file 'dynamixel_sdk.egg-info/SOURCES.txt'
[1.825s] reading manifest file 'dynamixel_sdk.egg-info/SOURCES.txt'
[1.826s] writing manifest file 'dynamixel_sdk.egg-info/SOURCES.txt'
[1.891s] [ 94%] Built target ament_cmake_python_build_dynamixel_sdk_egg
[2.056s] running egg_info
[2.057s] creating dynamixel_easy_sdk.egg-info
[2.057s] writing dynamixel_easy_sdk.egg-info/PKG-INFO
[2.057s] writing dependency_links to dynamixel_easy_sdk.egg-info/dependency_links.txt
[2.057s] writing top-level names to dynamixel_easy_sdk.egg-info/top_level.txt
[2.057s] writing manifest file 'dynamixel_easy_sdk.egg-info/SOURCES.txt'
[2.060s] reading manifest file 'dynamixel_easy_sdk.egg-info/SOURCES.txt'
[2.060s] writing manifest file 'dynamixel_easy_sdk.egg-info/SOURCES.txt'
[2.100s] [ 94%] Built target ament_cmake_python_build_dynamixel_easy_sdk_egg
[2.486s] [100%] [32m[1mLinking CXX shared library libdynamixel_sdk.so[0m
[2.660s] [100%] Built target dynamixel_sdk
[2.676s] Invoked command in '/home/tom/turtlebot3_ws/build/dynamixel_sdk' returned '0': CMAKE_PREFIX_PATH=/opt/ros/humble /usr/bin/cmake --build /home/tom/turtlebot3_ws/build/dynamixel_sdk -- -j12 -l12
[2.678s] Invoking command in '/home/tom/turtlebot3_ws/build/dynamixel_sdk': CMAKE_PREFIX_PATH=/opt/ros/humble /usr/bin/cmake --install /home/tom/turtlebot3_ws/build/dynamixel_sdk
[2.688s] -- Install configuration: ""
[2.689s] -- Execute custom install script
[2.690s] -- Symlinking: /home/tom/turtlebot3_ws/install/dynamixel_sdk/include//dynamixel_easy_sdk/connector.hpp
[2.702s] -- Symlinking: /home/tom/turtlebot3_ws/install/dynamixel_sdk/include//dynamixel_easy_sdk/control_table.hpp
[2.715s] -- Symlinking: /home/tom/turtlebot3_ws/install/dynamixel_sdk/include//dynamixel_easy_sdk/data_types.hpp
[2.728s] -- Symlinking: /home/tom/turtlebot3_ws/install/dynamixel_sdk/include//dynamixel_easy_sdk/dynamixel_easy_sdk.hpp
[2.742s] -- Symlinking: /home/tom/turtlebot3_ws/install/dynamixel_sdk/include//dynamixel_easy_sdk/dynamixel_error.hpp
[2.754s] -- Symlinking: /home/tom/turtlebot3_ws/install/dynamixel_sdk/include//dynamixel_easy_sdk/group_executor.hpp
[2.763s] -- Symlinking: /home/tom/turtlebot3_ws/install/dynamixel_sdk/include//dynamixel_easy_sdk/motor.hpp
[2.773s] -- Symlinking: /home/tom/turtlebot3_ws/install/dynamixel_sdk/include//dynamixel_sdk/dynamixel_sdk.h
[2.782s] -- Symlinking: /home/tom/turtlebot3_ws/install/dynamixel_sdk/include//dynamixel_sdk/group_bulk_read.h
[2.791s] -- Symlinking: /home/tom/turtlebot3_ws/install/dynamixel_sdk/include//dynamixel_sdk/group_bulk_write.h
[2.801s] -- Symlinking: /home/tom/turtlebot3_ws/install/dynamixel_sdk/include//dynamixel_sdk/group_fast_bulk_read.h
[2.809s] -- Symlinking: /home/tom/turtlebot3_ws/install/dynamixel_sdk/include//dynamixel_sdk/group_fast_sync_read.h
[2.819s] -- Symlinking: /home/tom/turtlebot3_ws/install/dynamixel_sdk/include//dynamixel_sdk/group_handler.h
[2.830s] -- Symlinking: /home/tom/turtlebot3_ws/install/dynamixel_sdk/include//dynamixel_sdk/group_sync_read.h
[2.838s] -- Symlinking: /home/tom/turtlebot3_ws/install/dynamixel_sdk/include//dynamixel_sdk/group_sync_write.h
[2.846s] -- Symlinking: /home/tom/turtlebot3_ws/install/dynamixel_sdk/include//dynamixel_sdk/packet_handler.h
[2.857s] -- Symlinking: /home/tom/turtlebot3_ws/install/dynamixel_sdk/include//dynamixel_sdk/port_handler.h
[2.869s] -- Symlinking: /home/tom/turtlebot3_ws/install/dynamixel_sdk/include//dynamixel_sdk/port_handler_arduino.h
[2.885s] -- Symlinking: /home/tom/turtlebot3_ws/install/dynamixel_sdk/include//dynamixel_sdk/port_handler_linux.h
[2.895s] -- Symlinking: /home/tom/turtlebot3_ws/install/dynamixel_sdk/include//dynamixel_sdk/port_handler_mac.h
[2.908s] -- Symlinking: /home/tom/turtlebot3_ws/install/dynamixel_sdk/include//dynamixel_sdk/port_handler_windows.h
[2.924s] -- Symlinking: /home/tom/turtlebot3_ws/install/dynamixel_sdk/include//dynamixel_sdk/protocol1_packet_handler.h
[2.938s] -- Symlinking: /home/tom/turtlebot3_ws/install/dynamixel_sdk/include//dynamixel_sdk/protocol2_packet_handler.h
[2.951s] -- Symlinking: /home/tom/turtlebot3_ws/install/dynamixel_sdk/share/dynamixel_sdk/control_table/2xc430_w250.model
[2.966s] -- Symlinking: /home/tom/turtlebot3_ws/install/dynamixel_sdk/share/dynamixel_sdk/control_table/2xl430_w250.model
[2.982s] -- Symlinking: /home/tom/turtlebot3_ws/install/dynamixel_sdk/share/dynamixel_sdk/control_table/dynamixel.model
[2.995s] -- Symlinking: /home/tom/turtlebot3_ws/install/dynamixel_sdk/share/dynamixel_sdk/control_table/h42_20_s300_ra.model
[3.008s] -- Symlinking: /home/tom/turtlebot3_ws/install/dynamixel_sdk/share/dynamixel_sdk/control_table/h54_100_s500_ra.model
[3.022s] -- Symlinking: /home/tom/turtlebot3_ws/install/dynamixel_sdk/share/dynamixel_sdk/control_table/h54_200_s500_ra.model
[3.035s] -- Symlinking: /home/tom/turtlebot3_ws/install/dynamixel_sdk/share/dynamixel_sdk/control_table/m42_10_s260_ra.model
[3.048s] -- Symlinking: /home/tom/turtlebot3_ws/install/dynamixel_sdk/share/dynamixel_sdk/control_table/m54_40_s250_ra.model
[3.064s] -- Symlinking: /home/tom/turtlebot3_ws/install/dynamixel_sdk/share/dynamixel_sdk/control_table/m54_60_s250_ra.model
[3.073s] -- Symlinking: /home/tom/turtlebot3_ws/install/dynamixel_sdk/share/dynamixel_sdk/control_table/mx_106.model
[3.087s] -- Symlinking: /home/tom/turtlebot3_ws/install/dynamixel_sdk/share/dynamixel_sdk/control_table/mx_28.model
[3.101s] -- Symlinking: /home/tom/turtlebot3_ws/install/dynamixel_sdk/share/dynamixel_sdk/control_table/mx_64.model
[3.114s] -- Symlinking: /home/tom/turtlebot3_ws/install/dynamixel_sdk/share/dynamixel_sdk/control_table/ph42_020_s300.model
[3.130s] -- Symlinking: /home/tom/turtlebot3_ws/install/dynamixel_sdk/share/dynamixel_sdk/control_table/ph54_100_s500.model
[3.145s] -- Symlinking: /home/tom/turtlebot3_ws/install/dynamixel_sdk/share/dynamixel_sdk/control_table/ph54_200_s500.model
[3.170s] -- Symlinking: /home/tom/turtlebot3_ws/install/dynamixel_sdk/share/dynamixel_sdk/control_table/pm42_010_s260.model
[3.176s] -- Symlinking: /home/tom/turtlebot3_ws/install/dynamixel_sdk/share/dynamixel_sdk/control_table/pm54_040_s250.model
[3.190s] -- Symlinking: /home/tom/turtlebot3_ws/install/dynamixel_sdk/share/dynamixel_sdk/control_table/pm54_060_s250.model
[3.205s] -- Symlinking: /home/tom/turtlebot3_ws/install/dynamixel_sdk/share/dynamixel_sdk/control_table/rh_p12_rn.model
[3.221s] -- Symlinking: /home/tom/turtlebot3_ws/install/dynamixel_sdk/share/dynamixel_sdk/control_table/xc330_m181.model
[3.250s] -- Symlinking: /home/tom/turtlebot3_ws/install/dynamixel_sdk/share/dynamixel_sdk/control_table/xc330_m181_fw52.model
[3.265s] -- Symlinking: /home/tom/turtlebot3_ws/install/dynamixel_sdk/share/dynamixel_sdk/control_table/xc330_m288.model
[3.278s] -- Symlinking: /home/tom/turtlebot3_ws/install/dynamixel_sdk/share/dynamixel_sdk/control_table/xc330_m288_fw52.model
[3.293s] -- Symlinking: /home/tom/turtlebot3_ws/install/dynamixel_sdk/share/dynamixel_sdk/control_table/xc330_t181.model
[3.307s] -- Symlinking: /home/tom/turtlebot3_ws/install/dynamixel_sdk/share/dynamixel_sdk/control_table/xc330_t181_fw52.model
[3.323s] -- Symlinking: /home/tom/turtlebot3_ws/install/dynamixel_sdk/share/dynamixel_sdk/control_table/xc330_t288.model
[3.338s] -- Symlinking: /home/tom/turtlebot3_ws/install/dynamixel_sdk/share/dynamixel_sdk/control_table/xc330_t288_fw52.model
[3.352s] -- Symlinking: /home/tom/turtlebot3_ws/install/dynamixel_sdk/share/dynamixel_sdk/control_table/xc430_w150.model
[3.365s] -- Symlinking: /home/tom/turtlebot3_ws/install/dynamixel_sdk/share/dynamixel_sdk/control_table/xc430_w240.model
[3.379s] -- Symlinking: /home/tom/turtlebot3_ws/install/dynamixel_sdk/share/dynamixel_sdk/control_table/xd430_t210.model
[3.393s] -- Symlinking: /home/tom/turtlebot3_ws/install/dynamixel_sdk/share/dynamixel_sdk/control_table/xd430_t350.model
[3.402s] -- Symlinking: /home/tom/turtlebot3_ws/install/dynamixel_sdk/share/dynamixel_sdk/control_table/xd540_t150.model
[3.412s] -- Symlinking: /home/tom/turtlebot3_ws/install/dynamixel_sdk/share/dynamixel_sdk/control_table/xd540_t270.model
[3.421s] -- Symlinking: /home/tom/turtlebot3_ws/install/dynamixel_sdk/share/dynamixel_sdk/control_table/xh430_v210.model
[3.431s] -- Symlinking: /home/tom/turtlebot3_ws/install/dynamixel_sdk/share/dynamixel_sdk/control_table/xh430_v350.model
[3.441s] -- Symlinking: /home/tom/turtlebot3_ws/install/dynamixel_sdk/share/dynamixel_sdk/control_table/xh430_w210.model
[3.450s] -- Symlinking: /home/tom/turtlebot3_ws/install/dynamixel_sdk/share/dynamixel_sdk/control_table/xh430_w350.model
[3.463s] -- Symlinking: /home/tom/turtlebot3_ws/install/dynamixel_sdk/share/dynamixel_sdk/control_table/xh540_v150.model
[3.474s] -- Symlinking: /home/tom/turtlebot3_ws/install/dynamixel_sdk/share/dynamixel_sdk/control_table/xh540_v270.model
[3.484s] -- Symlinking: /home/tom/turtlebot3_ws/install/dynamixel_sdk/share/dynamixel_sdk/control_table/xh540_w150.model
[3.495s] -- Symlinking: /home/tom/turtlebot3_ws/install/dynamixel_sdk/share/dynamixel_sdk/control_table/xh540_w270.model
[3.504s] -- Symlinking: /home/tom/turtlebot3_ws/install/dynamixel_sdk/share/dynamixel_sdk/control_table/xl320.model
[3.514s] -- Symlinking: /home/tom/turtlebot3_ws/install/dynamixel_sdk/share/dynamixel_sdk/control_table/xl330_m077.model
[3.524s] -- Symlinking: /home/tom/turtlebot3_ws/install/dynamixel_sdk/share/dynamixel_sdk/control_table/xl330_m077_fw52.model
[3.533s] -- Symlinking: /home/tom/turtlebot3_ws/install/dynamixel_sdk/share/dynamixel_sdk/control_table/xl330_m288.model
[3.542s] -- Symlinking: /home/tom/turtlebot3_ws/install/dynamixel_sdk/share/dynamixel_sdk/control_table/xl330_m288_fw52.model
[3.550s] -- Symlinking: /home/tom/turtlebot3_ws/install/dynamixel_sdk/share/dynamixel_sdk/control_table/xl430_w250.model
[3.557s] -- Symlinking: /home/tom/turtlebot3_ws/install/dynamixel_sdk/share/dynamixel_sdk/control_table/xm430_w210.model
[3.565s] -- Symlinking: /home/tom/turtlebot3_ws/install/dynamixel_sdk/share/dynamixel_sdk/control_table/xm430_w350.model
[3.574s] -- Symlinking: /home/tom/turtlebot3_ws/install/dynamixel_sdk/share/dynamixel_sdk/control_table/xm540_w150.model
[3.583s] -- Symlinking: /home/tom/turtlebot3_ws/install/dynamixel_sdk/share/dynamixel_sdk/control_table/xm540_w270.model
[3.593s] -- Symlinking: /home/tom/turtlebot3_ws/install/dynamixel_sdk/share/dynamixel_sdk/control_table/xw430_t200.model
[3.602s] -- Symlinking: /home/tom/turtlebot3_ws/install/dynamixel_sdk/share/dynamixel_sdk/control_table/xw430_t333.model
[3.610s] -- Symlinking: /home/tom/turtlebot3_ws/install/dynamixel_sdk/share/dynamixel_sdk/control_table/xw540_h260.model
[3.618s] -- Symlinking: /home/tom/turtlebot3_ws/install/dynamixel_sdk/share/dynamixel_sdk/control_table/xw540_t140.model
[3.626s] -- Symlinking: /home/tom/turtlebot3_ws/install/dynamixel_sdk/share/dynamixel_sdk/control_table/xw540_t260.model
[3.634s] -- Symlinking: /home/tom/turtlebot3_ws/install/dynamixel_sdk/share/dynamixel_sdk/control_table/ym070_210_a051.model
[3.642s] -- Symlinking: /home/tom/turtlebot3_ws/install/dynamixel_sdk/share/dynamixel_sdk/control_table/ym070_210_a099.model
[3.650s] -- Symlinking: /home/tom/turtlebot3_ws/install/dynamixel_sdk/share/dynamixel_sdk/control_table/ym070_210_b001.model
[3.657s] -- Symlinking: /home/tom/turtlebot3_ws/install/dynamixel_sdk/share/dynamixel_sdk/control_table/ym070_210_m001.model
[3.666s] -- Symlinking: /home/tom/turtlebot3_ws/install/dynamixel_sdk/share/dynamixel_sdk/control_table/ym070_210_r051.model
[3.677s] -- Symlinking: /home/tom/turtlebot3_ws/install/dynamixel_sdk/share/dynamixel_sdk/control_table/ym070_210_r099.model
[3.687s] -- Symlinking: /home/tom/turtlebot3_ws/install/dynamixel_sdk/share/dynamixel_sdk/control_table/ym080_230_a051.model
[3.697s] -- Symlinking: /home/tom/turtlebot3_ws/install/dynamixel_sdk/share/dynamixel_sdk/control_table/ym080_230_a099.model
[3.707s] -- Symlinking: /home/tom/turtlebot3_ws/install/dynamixel_sdk/share/dynamixel_sdk/control_table/ym080_230_b001.model
[3.715s] -- Symlinking: /home/tom/turtlebot3_ws/install/dynamixel_sdk/share/dynamixel_sdk/control_table/ym080_230_m001.model
[3.723s] -- Symlinking: /home/tom/turtlebot3_ws/install/dynamixel_sdk/share/dynamixel_sdk/control_table/ym080_230_r051.model
[3.733s] -- Symlinking: /home/tom/turtlebot3_ws/install/dynamixel_sdk/share/dynamixel_sdk/control_table/ym080_230_r099.model
[3.746s] -- Symlinking: /home/tom/turtlebot3_ws/install/dynamixel_sdk/share/dynamixel_sdk/environment/pythonpath.sh
[3.756s] -- Symlinking: /home/tom/turtlebot3_ws/install/dynamixel_sdk/share/dynamixel_sdk/environment/pythonpath.dsv
[3.768s] -- Symlinking: /home/tom/turtlebot3_ws/install/dynamixel_sdk/local/lib/python3.10/dist-packages/dynamixel_sdk-4.0.3-py3.10.egg-info/PKG-INFO
[3.781s] -- Symlinking: /home/tom/turtlebot3_ws/install/dynamixel_sdk/local/lib/python3.10/dist-packages/dynamixel_sdk-4.0.3-py3.10.egg-info/SOURCES.txt
[3.791s] -- Symlinking: /home/tom/turtlebot3_ws/install/dynamixel_sdk/local/lib/python3.10/dist-packages/dynamixel_sdk-4.0.3-py3.10.egg-info/dependency_links.txt
[3.800s] -- Symlinking: /home/tom/turtlebot3_ws/install/dynamixel_sdk/local/lib/python3.10/dist-packages/dynamixel_sdk-4.0.3-py3.10.egg-info/top_level.txt
[3.811s] -- Symlinking: /home/tom/turtlebot3_ws/install/dynamixel_sdk/local/lib/python3.10/dist-packages/dynamixel_sdk/__init__.py
[3.819s] -- Symlinking: /home/tom/turtlebot3_ws/install/dynamixel_sdk/local/lib/python3.10/dist-packages/dynamixel_sdk/group_bulk_read.cpp
[3.826s] -- Symlinking: /home/tom/turtlebot3_ws/install/dynamixel_sdk/local/lib/python3.10/dist-packages/dynamixel_sdk/group_bulk_read.py
[3.835s] -- Symlinking: /home/tom/turtlebot3_ws/install/dynamixel_sdk/local/lib/python3.10/dist-packages/dynamixel_sdk/group_bulk_write.cpp
[3.844s] -- Symlinking: /home/tom/turtlebot3_ws/install/dynamixel_sdk/local/lib/python3.10/dist-packages/dynamixel_sdk/group_bulk_write.py
[3.853s] -- Symlinking: /home/tom/turtlebot3_ws/install/dynamixel_sdk/local/lib/python3.10/dist-packages/dynamixel_sdk/group_fast_bulk_read.cpp
[3.862s] -- Symlinking: /home/tom/turtlebot3_ws/install/dynamixel_sdk/local/lib/python3.10/dist-packages/dynamixel_sdk/group_fast_sync_read.cpp
[3.872s] -- Symlinking: /home/tom/turtlebot3_ws/install/dynamixel_sdk/local/lib/python3.10/dist-packages/dynamixel_sdk/group_handler.cpp
[3.881s] -- Symlinking: /home/tom/turtlebot3_ws/install/dynamixel_sdk/local/lib/python3.10/dist-packages/dynamixel_sdk/group_sync_read.cpp
[3.891s] -- Symlinking: /home/tom/turtlebot3_ws/install/dynamixel_sdk/local/lib/python3.10/dist-packages/dynamixel_sdk/group_sync_read.py
[3.901s] -- Symlinking: /home/tom/turtlebot3_ws/install/dynamixel_sdk/local/lib/python3.10/dist-packages/dynamixel_sdk/group_sync_write.cpp
[3.909s] -- Symlinking: /home/tom/turtlebot3_ws/install/dynamixel_sdk/local/lib/python3.10/dist-packages/dynamixel_sdk/group_sync_write.py
[3.919s] -- Symlinking: /home/tom/turtlebot3_ws/install/dynamixel_sdk/local/lib/python3.10/dist-packages/dynamixel_sdk/packet_handler.cpp
[3.928s] -- Symlinking: /home/tom/turtlebot3_ws/install/dynamixel_sdk/local/lib/python3.10/dist-packages/dynamixel_sdk/packet_handler.py
[3.941s] -- Symlinking: /home/tom/turtlebot3_ws/install/dynamixel_sdk/local/lib/python3.10/dist-packages/dynamixel_sdk/port_handler.cpp
[3.954s] -- Symlinking: /home/tom/turtlebot3_ws/install/dynamixel_sdk/local/lib/python3.10/dist-packages/dynamixel_sdk/port_handler.py
[3.967s] -- Symlinking: /home/tom/turtlebot3_ws/install/dynamixel_sdk/local/lib/python3.10/dist-packages/dynamixel_sdk/port_handler_arduino.cpp
[3.980s] -- Symlinking: /home/tom/turtlebot3_ws/install/dynamixel_sdk/local/lib/python3.10/dist-packages/dynamixel_sdk/port_handler_linux.cpp
[3.993s] -- Symlinking: /home/tom/turtlebot3_ws/install/dynamixel_sdk/local/lib/python3.10/dist-packages/dynamixel_sdk/port_handler_mac.cpp
[4.006s] -- Symlinking: /home/tom/turtlebot3_ws/install/dynamixel_sdk/local/lib/python3.10/dist-packages/dynamixel_sdk/port_handler_windows.cpp
[4.019s] -- Symlinking: /home/tom/turtlebot3_ws/install/dynamixel_sdk/local/lib/python3.10/dist-packages/dynamixel_sdk/protocol1_packet_handler.cpp
[4.031s] -- Symlinking: /home/tom/turtlebot3_ws/install/dynamixel_sdk/local/lib/python3.10/dist-packages/dynamixel_sdk/protocol1_packet_handler.py
[4.045s] -- Symlinking: /home/tom/turtlebot3_ws/install/dynamixel_sdk/local/lib/python3.10/dist-packages/dynamixel_sdk/protocol2_packet_handler.cpp
[4.064s] -- Symlinking: /home/tom/turtlebot3_ws/install/dynamixel_sdk/local/lib/python3.10/dist-packages/dynamixel_sdk/protocol2_packet_handler.py
[4.075s] -- Symlinking: /home/tom/turtlebot3_ws/install/dynamixel_sdk/local/lib/python3.10/dist-packages/dynamixel_sdk/robotis_def.py
[4.088s] -- Symlinking: /home/tom/turtlebot3_ws/install/dynamixel_sdk/local/lib/python3.10/dist-packages/dynamixel_easy_sdk-4.0.3-py3.10.egg-info/PKG-INFO
[4.100s] -- Symlinking: /home/tom/turtlebot3_ws/install/dynamixel_sdk/local/lib/python3.10/dist-packages/dynamixel_easy_sdk-4.0.3-py3.10.egg-info/SOURCES.txt
[4.112s] -- Symlinking: /home/tom/turtlebot3_ws/install/dynamixel_sdk/local/lib/python3.10/dist-packages/dynamixel_easy_sdk-4.0.3-py3.10.egg-info/dependency_links.txt
[4.125s] -- Symlinking: /home/tom/turtlebot3_ws/install/dynamixel_sdk/local/lib/python3.10/dist-packages/dynamixel_easy_sdk-4.0.3-py3.10.egg-info/top_level.txt
[4.135s] -- Symlinking: /home/tom/turtlebot3_ws/install/dynamixel_sdk/local/lib/python3.10/dist-packages/dynamixel_easy_sdk/__init__.py
[4.144s] -- Symlinking: /home/tom/turtlebot3_ws/install/dynamixel_sdk/local/lib/python3.10/dist-packages/dynamixel_easy_sdk/connector.cpp
[4.153s] -- Symlinking: /home/tom/turtlebot3_ws/install/dynamixel_sdk/local/lib/python3.10/dist-packages/dynamixel_easy_sdk/connector.py
[4.162s] -- Symlinking: /home/tom/turtlebot3_ws/install/dynamixel_sdk/local/lib/python3.10/dist-packages/dynamixel_easy_sdk/control_table.cpp
[4.171s] -- Symlinking: /home/tom/turtlebot3_ws/install/dynamixel_sdk/local/lib/python3.10/dist-packages/dynamixel_easy_sdk/control_table.py
[4.181s] -- Symlinking: /home/tom/turtlebot3_ws/install/dynamixel_sdk/local/lib/python3.10/dist-packages/dynamixel_easy_sdk/data_types.py
[4.190s] -- Symlinking: /home/tom/turtlebot3_ws/install/dynamixel_sdk/local/lib/python3.10/dist-packages/dynamixel_easy_sdk/dynamixel_error.cpp
[4.201s] -- Symlinking: /home/tom/turtlebot3_ws/install/dynamixel_sdk/local/lib/python3.10/dist-packages/dynamixel_easy_sdk/dynamixel_error.py
[4.209s] -- Symlinking: /home/tom/turtlebot3_ws/install/dynamixel_sdk/local/lib/python3.10/dist-packages/dynamixel_easy_sdk/group_executor.cpp
[4.223s] -- Symlinking: /home/tom/turtlebot3_ws/install/dynamixel_sdk/local/lib/python3.10/dist-packages/dynamixel_easy_sdk/group_executor.py
[4.237s] -- Symlinking: /home/tom/turtlebot3_ws/install/dynamixel_sdk/local/lib/python3.10/dist-packages/dynamixel_easy_sdk/motor.cpp
[4.249s] -- Symlinking: /home/tom/turtlebot3_ws/install/dynamixel_sdk/local/lib/python3.10/dist-packages/dynamixel_easy_sdk/motor.py
[4.261s] -- Symlinking: /home/tom/turtlebot3_ws/install/dynamixel_sdk/share/dynamixel_sdk/environment/library_path.sh
[4.270s] -- Symlinking: /home/tom/turtlebot3_ws/install/dynamixel_sdk/share/dynamixel_sdk/environment/library_path.dsv
[4.280s] -- Symlinking: /home/tom/turtlebot3_ws/install/dynamixel_sdk/share/ament_index/resource_index/package_run_dependencies/dynamixel_sdk
[4.295s] -- Symlinking: /home/tom/turtlebot3_ws/install/dynamixel_sdk/share/ament_index/resource_index/parent_prefix_path/dynamixel_sdk
[4.309s] -- Symlinking: /home/tom/turtlebot3_ws/install/dynamixel_sdk/share/dynamixel_sdk/environment/ament_prefix_path.sh
[4.325s] -- Symlinking: /home/tom/turtlebot3_ws/install/dynamixel_sdk/share/dynamixel_sdk/environment/ament_prefix_path.dsv
[4.343s] -- Symlinking: /home/tom/turtlebot3_ws/install/dynamixel_sdk/share/dynamixel_sdk/environment/path.sh
[4.361s] -- Symlinking: /home/tom/turtlebot3_ws/install/dynamixel_sdk/share/dynamixel_sdk/environment/path.dsv
[4.378s] -- Symlinking: /home/tom/turtlebot3_ws/install/dynamixel_sdk/share/dynamixel_sdk/local_setup.bash
[4.393s] -- Symlinking: /home/tom/turtlebot3_ws/install/dynamixel_sdk/share/dynamixel_sdk/local_setup.sh
[4.410s] -- Symlinking: /home/tom/turtlebot3_ws/install/dynamixel_sdk/share/dynamixel_sdk/local_setup.zsh
[4.427s] -- Symlinking: /home/tom/turtlebot3_ws/install/dynamixel_sdk/share/dynamixel_sdk/local_setup.dsv
[4.445s] -- Symlinking: /home/tom/turtlebot3_ws/install/dynamixel_sdk/share/dynamixel_sdk/package.dsv
[4.460s] -- Symlinking: /home/tom/turtlebot3_ws/install/dynamixel_sdk/share/ament_index/resource_index/packages/dynamixel_sdk
[4.476s] -- Symlinking: /home/tom/turtlebot3_ws/install/dynamixel_sdk/share/dynamixel_sdk/cmake/ament_cmake_export_targets-extras.cmake
[4.492s] -- Symlinking: /home/tom/turtlebot3_ws/install/dynamixel_sdk/share/dynamixel_sdk/cmake/ament_cmake_export_include_directories-extras.cmake
[4.505s] -- Symlinking: /home/tom/turtlebot3_ws/install/dynamixel_sdk/share/dynamixel_sdk/cmake/ament_cmake_export_libraries-extras.cmake
[4.520s] -- Symlinking: /home/tom/turtlebot3_ws/install/dynamixel_sdk/share/dynamixel_sdk/cmake/dynamixel_sdkConfig.cmake
[4.540s] -- Symlinking: /home/tom/turtlebot3_ws/install/dynamixel_sdk/share/dynamixel_sdk/cmake/dynamixel_sdkConfig-version.cmake
[4.550s] -- Symlinking: /home/tom/turtlebot3_ws/install/dynamixel_sdk/share/dynamixel_sdk/package.xml
[4.565s] -- Installing: /home/tom/turtlebot3_ws/install/dynamixel_sdk/lib/libdynamixel_sdk.so
[4.661s] Listing '/home/tom/turtlebot3_ws/install/dynamixel_sdk/local/lib/python3.10/dist-packages/dynamixel_sdk'...
[4.661s] Compiling '/home/tom/turtlebot3_ws/install/dynamixel_sdk/local/lib/python3.10/dist-packages/dynamixel_sdk/__init__.py'...
[4.661s] Compiling '/home/tom/turtlebot3_ws/install/dynamixel_sdk/local/lib/python3.10/dist-packages/dynamixel_sdk/group_bulk_read.py'...
[4.661s] Compiling '/home/tom/turtlebot3_ws/install/dynamixel_sdk/local/lib/python3.10/dist-packages/dynamixel_sdk/group_bulk_write.py'...
[4.661s] Compiling '/home/tom/turtlebot3_ws/install/dynamixel_sdk/local/lib/python3.10/dist-packages/dynamixel_sdk/group_sync_read.py'...
[4.661s] Compiling '/home/tom/turtlebot3_ws/install/dynamixel_sdk/local/lib/python3.10/dist-packages/dynamixel_sdk/group_sync_write.py'...
[4.661s] Compiling '/home/tom/turtlebot3_ws/install/dynamixel_sdk/local/lib/python3.10/dist-packages/dynamixel_sdk/packet_handler.py'...
[4.661s] Compiling '/home/tom/turtlebot3_ws/install/dynamixel_sdk/local/lib/python3.10/dist-packages/dynamixel_sdk/port_handler.py'...
[4.661s] Compiling '/home/tom/turtlebot3_ws/install/dynamixel_sdk/local/lib/python3.10/dist-packages/dynamixel_sdk/protocol1_packet_handler.py'...
[4.662s] Compiling '/home/tom/turtlebot3_ws/install/dynamixel_sdk/local/lib/python3.10/dist-packages/dynamixel_sdk/protocol2_packet_handler.py'...
[4.662s] Compiling '/home/tom/turtlebot3_ws/install/dynamixel_sdk/local/lib/python3.10/dist-packages/dynamixel_sdk/robotis_def.py'...
[4.805s] Listing '/home/tom/turtlebot3_ws/install/dynamixel_sdk/local/lib/python3.10/dist-packages/dynamixel_easy_sdk'...
[4.805s] Compiling '/home/tom/turtlebot3_ws/install/dynamixel_sdk/local/lib/python3.10/dist-packages/dynamixel_easy_sdk/__init__.py'...
[4.805s] Compiling '/home/tom/turtlebot3_ws/install/dynamixel_sdk/local/lib/python3.10/dist-packages/dynamixel_easy_sdk/connector.py'...
[4.806s] Compiling '/home/tom/turtlebot3_ws/install/dynamixel_sdk/local/lib/python3.10/dist-packages/dynamixel_easy_sdk/control_table.py'...
[4.806s] Compiling '/home/tom/turtlebot3_ws/install/dynamixel_sdk/local/lib/python3.10/dist-packages/dynamixel_easy_sdk/data_types.py'...
[4.806s] Compiling '/home/tom/turtlebot3_ws/install/dynamixel_sdk/local/lib/python3.10/dist-packages/dynamixel_easy_sdk/dynamixel_error.py'...
[4.806s] Compiling '/home/tom/turtlebot3_ws/install/dynamixel_sdk/local/lib/python3.10/dist-packages/dynamixel_easy_sdk/group_executor.py'...
[4.806s] Compiling '/home/tom/turtlebot3_ws/install/dynamixel_sdk/local/lib/python3.10/dist-packages/dynamixel_easy_sdk/motor.py'...
[4.832s] -- Installing: /home/tom/turtlebot3_ws/install/dynamixel_sdk/share/dynamixel_sdk/cmake/dynamixel_sdkExport.cmake
[4.833s] -- Installing: /home/tom/turtlebot3_ws/install/dynamixel_sdk/share/dynamixel_sdk/cmake/dynamixel_sdkExport-noconfig.cmake
[4.840s] Invoked command in '/home/tom/turtlebot3_ws/build/dynamixel_sdk' returned '0': CMAKE_PREFIX_PATH=/opt/ros/humble /usr/bin/cmake --install /home/tom/turtlebot3_ws/build/dynamixel_sdk
