[0.016s] Invoking command in '/home/tom/turtlebot3_ws/build/dynamixel_sdk_examples': CMAKE_PREFIX_PATH=/home/tom/turtlebot3_ws/install/dynamixel_sdk_custom_interfaces:/home/tom/turtlebot3_ws/install/dynamixel_sdk:/home/tom/turtlebot3_ws/install/turtlebot3:/home/tom/turtlebot3_ws/install/turtlebot3_bringup:/home/tom/turtlebot3_ws/install/turtlebot3_node:/home/tom/turtlebot3_ws/install/turtlebot3_navigation2:/home/tom/turtlebot3_ws/install/turtlebot3_msgs:/home/tom/turtlebot3_ws/install/turtlebot3_description:/home/tom/turtlebot3_ws/install/turtlebot3_cartographer:/home/tom/turtlebot3_ws/install/dynamixel_sdk_examples:/home/tom/turtlebot3_ws/install/turtlebot3_teleop:/home/tom/turtlebot3_ws/install/turtlebot3_example:/opt/ros/humble LD_LIBRARY_PATH=/home/tom/turtlebot3_ws/install/dynamixel_sdk_custom_interfaces/lib:/home/tom/turtlebot3_ws/install/dynamixel_sdk/lib:/home/tom/turtlebot3_ws/install/turtlebot3_msgs/lib:/usr/lib/x86_64-linux-gnu/gazebo-11/plugins:/opt/ros/humble/opt/rviz_ogre_vendor/lib:/opt/ros/humble/lib/x86_64-linux-gnu:/opt/ros/humble/lib:/usr/lib/x86_64-linux-gnu/gazebo-11/plugins /usr/bin/cmake --build /home/tom/turtlebot3_ws/build/dynamixel_sdk_examples -- -j12 -l12
[0.064s] [35m[1mConsolidate compiler generated dependencies of target read_write_node[0m
[0.082s] [100%] Built target read_write_node
[0.096s] Invoked command in '/home/tom/turtlebot3_ws/build/dynamixel_sdk_examples' returned '0': CMAKE_PREFIX_PATH=/home/tom/turtlebot3_ws/install/dynamixel_sdk_custom_interfaces:/home/tom/turtlebot3_ws/install/dynamixel_sdk:/home/tom/turtlebot3_ws/install/turtlebot3:/home/tom/turtlebot3_ws/install/turtlebot3_bringup:/home/tom/turtlebot3_ws/install/turtlebot3_node:/home/tom/turtlebot3_ws/install/turtlebot3_navigation2:/home/tom/turtlebot3_ws/install/turtlebot3_msgs:/home/tom/turtlebot3_ws/install/turtlebot3_description:/home/tom/turtlebot3_ws/install/turtlebot3_cartographer:/home/tom/turtlebot3_ws/install/dynamixel_sdk_examples:/home/tom/turtlebot3_ws/install/turtlebot3_teleop:/home/tom/turtlebot3_ws/install/turtlebot3_example:/opt/ros/humble LD_LIBRARY_PATH=/home/tom/turtlebot3_ws/install/dynamixel_sdk_custom_interfaces/lib:/home/tom/turtlebot3_ws/install/dynamixel_sdk/lib:/home/tom/turtlebot3_ws/install/turtlebot3_msgs/lib:/usr/lib/x86_64-linux-gnu/gazebo-11/plugins:/opt/ros/humble/opt/rviz_ogre_vendor/lib:/opt/ros/humble/lib/x86_64-linux-gnu:/opt/ros/humble/lib:/usr/lib/x86_64-linux-gnu/gazebo-11/plugins /usr/bin/cmake --build /home/tom/turtlebot3_ws/build/dynamixel_sdk_examples -- -j12 -l12
[0.098s] Invoking command in '/home/tom/turtlebot3_ws/build/dynamixel_sdk_examples': CMAKE_PREFIX_PATH=/home/tom/turtlebot3_ws/install/dynamixel_sdk_custom_interfaces:/home/tom/turtlebot3_ws/install/dynamixel_sdk:/home/tom/turtlebot3_ws/install/turtlebot3:/home/tom/turtlebot3_ws/install/turtlebot3_bringup:/home/tom/turtlebot3_ws/install/turtlebot3_node:/home/tom/turtlebot3_ws/install/turtlebot3_navigation2:/home/tom/turtlebot3_ws/install/turtlebot3_msgs:/home/tom/turtlebot3_ws/install/turtlebot3_description:/home/tom/turtlebot3_ws/install/turtlebot3_cartographer:/home/tom/turtlebot3_ws/install/dynamixel_sdk_examples:/home/tom/turtlebot3_ws/install/turtlebot3_teleop:/home/tom/turtlebot3_ws/install/turtlebot3_example:/opt/ros/humble LD_LIBRARY_PATH=/home/tom/turtlebot3_ws/install/dynamixel_sdk_custom_interfaces/lib:/home/tom/turtlebot3_ws/install/dynamixel_sdk/lib:/home/tom/turtlebot3_ws/install/turtlebot3_msgs/lib:/usr/lib/x86_64-linux-gnu/gazebo-11/plugins:/opt/ros/humble/opt/rviz_ogre_vendor/lib:/opt/ros/humble/lib/x86_64-linux-gnu:/opt/ros/humble/lib:/usr/lib/x86_64-linux-gnu/gazebo-11/plugins /usr/bin/cmake --install /home/tom/turtlebot3_ws/build/dynamixel_sdk_examples
[0.105s] -- Install configuration: ""
[0.105s] -- Execute custom install script
[0.106s] -- Up-to-date symlink: /home/tom/turtlebot3_ws/install/dynamixel_sdk_examples/lib/dynamixel_sdk_examples/read_write_node
[0.106s] -- Up-to-date symlink: /home/tom/turtlebot3_ws/install/dynamixel_sdk_examples/lib/dynamixel_sdk_examples/read_write_node.py
[0.106s] -- Up-to-date symlink: /home/tom/turtlebot3_ws/install/dynamixel_sdk_examples/share/ament_index/resource_index/package_run_dependencies/dynamixel_sdk_examples
[0.106s] -- Up-to-date symlink: /home/tom/turtlebot3_ws/install/dynamixel_sdk_examples/share/ament_index/resource_index/parent_prefix_path/dynamixel_sdk_examples
[0.106s] -- Up-to-date symlink: /home/tom/turtlebot3_ws/install/dynamixel_sdk_examples/share/dynamixel_sdk_examples/environment/ament_prefix_path.sh
[0.106s] -- Up-to-date symlink: /home/tom/turtlebot3_ws/install/dynamixel_sdk_examples/share/dynamixel_sdk_examples/environment/ament_prefix_path.dsv
[0.106s] -- Up-to-date symlink: /home/tom/turtlebot3_ws/install/dynamixel_sdk_examples/share/dynamixel_sdk_examples/environment/path.sh
[0.106s] -- Up-to-date symlink: /home/tom/turtlebot3_ws/install/dynamixel_sdk_examples/share/dynamixel_sdk_examples/environment/path.dsv
[0.107s] -- Up-to-date symlink: /home/tom/turtlebot3_ws/install/dynamixel_sdk_examples/share/dynamixel_sdk_examples/local_setup.bash
[0.107s] -- Up-to-date symlink: /home/tom/turtlebot3_ws/install/dynamixel_sdk_examples/share/dynamixel_sdk_examples/local_setup.sh
[0.107s] -- Up-to-date symlink: /home/tom/turtlebot3_ws/install/dynamixel_sdk_examples/share/dynamixel_sdk_examples/local_setup.zsh
[0.107s] -- Up-to-date symlink: /home/tom/turtlebot3_ws/install/dynamixel_sdk_examples/share/dynamixel_sdk_examples/local_setup.dsv
[0.107s] -- Symlinking: /home/tom/turtlebot3_ws/install/dynamixel_sdk_examples/share/dynamixel_sdk_examples/package.dsv
[0.117s] -- Up-to-date symlink: /home/tom/turtlebot3_ws/install/dynamixel_sdk_examples/share/ament_index/resource_index/packages/dynamixel_sdk_examples
[0.117s] -- Up-to-date symlink: /home/tom/turtlebot3_ws/install/dynamixel_sdk_examples/share/dynamixel_sdk_examples/cmake/dynamixel_sdk_examplesConfig.cmake
[0.118s] -- Up-to-date symlink: /home/tom/turtlebot3_ws/install/dynamixel_sdk_examples/share/dynamixel_sdk_examples/cmake/dynamixel_sdk_examplesConfig-version.cmake
[0.118s] -- Up-to-date symlink: /home/tom/turtlebot3_ws/install/dynamixel_sdk_examples/share/dynamixel_sdk_examples/package.xml
[0.122s] Invoked command in '/home/tom/turtlebot3_ws/build/dynamixel_sdk_examples' returned '0': CMAKE_PREFIX_PATH=/home/tom/turtlebot3_ws/install/dynamixel_sdk_custom_interfaces:/home/tom/turtlebot3_ws/install/dynamixel_sdk:/home/tom/turtlebot3_ws/install/turtlebot3:/home/tom/turtlebot3_ws/install/turtlebot3_bringup:/home/tom/turtlebot3_ws/install/turtlebot3_node:/home/tom/turtlebot3_ws/install/turtlebot3_navigation2:/home/tom/turtlebot3_ws/install/turtlebot3_msgs:/home/tom/turtlebot3_ws/install/turtlebot3_description:/home/tom/turtlebot3_ws/install/turtlebot3_cartographer:/home/tom/turtlebot3_ws/install/dynamixel_sdk_examples:/home/tom/turtlebot3_ws/install/turtlebot3_teleop:/home/tom/turtlebot3_ws/install/turtlebot3_example:/opt/ros/humble LD_LIBRARY_PATH=/home/tom/turtlebot3_ws/install/dynamixel_sdk_custom_interfaces/lib:/home/tom/turtlebot3_ws/install/dynamixel_sdk/lib:/home/tom/turtlebot3_ws/install/turtlebot3_msgs/lib:/usr/lib/x86_64-linux-gnu/gazebo-11/plugins:/opt/ros/humble/opt/rviz_ogre_vendor/lib:/opt/ros/humble/lib/x86_64-linux-gnu:/opt/ros/humble/lib:/usr/lib/x86_64-linux-gnu/gazebo-11/plugins /usr/bin/cmake --install /home/tom/turtlebot3_ws/build/dynamixel_sdk_examples
