[0.943s] Invoking command in '/home/tom/turtlebot3_ws/build/turtlebot3_teleop': PYTHONPATH=/home/tom/turtlebot3_ws/build/turtlebot3_teleop/prefix_override:/usr/lib/python3/dist-packages/colcon_core/task/python/colcon_distutils_commands:/home/tom/turtlebot3_ws/install/turtlebot3_teleop/lib/python3.10/site-packages:${PYTHONPATH} /usr/bin/python3 -W ignore:setup.py install is deprecated -W ignore:easy_install command is deprecated setup.py develop --editable --build-directory /home/tom/turtlebot3_ws/build/turtlebot3_teleop/build --no-deps symlink_data
[1.451s] running develop
[1.735s] running egg_info
[1.735s] creating turtlebot3_teleop.egg-info
[1.736s] writing turtlebot3_teleop.egg-info/PKG-INFO
[1.736s] writing dependency_links to turtlebot3_teleop.egg-info/dependency_links.txt
[1.736s] writing entry points to turtlebot3_teleop.egg-info/entry_points.txt
[1.736s] writing requirements to turtlebot3_teleop.egg-info/requires.txt
[1.736s] writing top-level names to turtlebot3_teleop.egg-info/top_level.txt
[1.736s] writing manifest file 'turtlebot3_teleop.egg-info/SOURCES.txt'
[1.749s] reading manifest file 'turtlebot3_teleop.egg-info/SOURCES.txt'
[1.749s] writing manifest file 'turtlebot3_teleop.egg-info/SOURCES.txt'
[1.749s] running build_ext
[1.749s] Creating /home/tom/turtlebot3_ws/install/turtlebot3_teleop/lib/python3.10/site-packages/turtlebot3-teleop.egg-link (link to .)
[1.753s] Installing teleop_keyboard script to /home/tom/turtlebot3_ws/install/turtlebot3_teleop/lib/turtlebot3_teleop
[1.757s] 
[1.757s] Installed /home/tom/turtlebot3_ws/build/turtlebot3_teleop
[1.758s] running symlink_data
[1.758s] creating /home/tom/turtlebot3_ws/install/turtlebot3_teleop/share/ament_index
[1.758s] creating /home/tom/turtlebot3_ws/install/turtlebot3_teleop/share/ament_index/resource_index
[1.758s] creating /home/tom/turtlebot3_ws/install/turtlebot3_teleop/share/ament_index/resource_index/packages
[1.758s] symbolically linking /home/tom/turtlebot3_ws/build/turtlebot3_teleop/resource/turtlebot3_teleop -> /home/tom/turtlebot3_ws/install/turtlebot3_teleop/share/ament_index/resource_index/packages
[1.758s] symbolically linking /home/tom/turtlebot3_ws/build/turtlebot3_teleop/package.xml -> /home/tom/turtlebot3_ws/install/turtlebot3_teleop/share/turtlebot3_teleop
[1.873s] Invoked command in '/home/tom/turtlebot3_ws/build/turtlebot3_teleop' returned '0': PYTHONPATH=/home/tom/turtlebot3_ws/build/turtlebot3_teleop/prefix_override:/usr/lib/python3/dist-packages/colcon_core/task/python/colcon_distutils_commands:/home/tom/turtlebot3_ws/install/turtlebot3_teleop/lib/python3.10/site-packages:${PYTHONPATH} /usr/bin/python3 -W ignore:setup.py install is deprecated -W ignore:easy_install command is deprecated setup.py develop --editable --build-directory /home/tom/turtlebot3_ws/build/turtlebot3_teleop/build --no-deps symlink_data
